Component: ARM Compiler 5.06 update 2 (build 183) Tool: armlink [4d35b7]

==============================================================================

Section Cross References

    startup_stm32f413xx.o(RESET) refers to startup_stm32f413xx.o(STACK) for __initial_sp
    startup_stm32f413xx.o(RESET) refers to startup_stm32f413xx.o(.text) for Reset_Handler
    startup_stm32f413xx.o(RESET) refers to stm32f4xx_it.o(i.NMI_Handler) for NMI_Handler
    startup_stm32f413xx.o(RESET) refers to stm32f4xx_it.o(i.HardFault_Handler) for HardFault_Handler
    startup_stm32f413xx.o(RESET) refers to stm32f4xx_it.o(i.MemManage_Handler) for MemManage_Handler
    startup_stm32f413xx.o(RESET) refers to stm32f4xx_it.o(i.BusFault_Handler) for BusFault_Handler
    startup_stm32f413xx.o(RESET) refers to stm32f4xx_it.o(i.UsageFault_Handler) for UsageFault_Handler
    startup_stm32f413xx.o(RESET) refers to stm32f4xx_it.o(i.SVC_Handler) for SVC_Handler
    startup_stm32f413xx.o(RESET) refers to stm32f4xx_it.o(i.DebugMon_Handler) for DebugMon_Handler
    startup_stm32f413xx.o(RESET) refers to stm32f4xx_it.o(i.PendSV_Handler) for PendSV_Handler
    startup_stm32f413xx.o(RESET) refers to stm32f4xx_it.o(i.SysTick_Handler) for SysTick_Handler
    startup_stm32f413xx.o(RESET) refers to stm32f4xx_it.o(i.DMA1_Stream5_IRQHandler) for DMA1_Stream5_IRQHandler
    startup_stm32f413xx.o(RESET) refers to stm32f4xx_it.o(i.DMA1_Stream6_IRQHandler) for DMA1_Stream6_IRQHandler
    startup_stm32f413xx.o(RESET) refers to stm32f4xx_it.o(i.EXTI9_5_IRQHandler) for EXTI9_5_IRQHandler
    startup_stm32f413xx.o(RESET) refers to stm32f4xx_it.o(i.TIM2_IRQHandler) for TIM2_IRQHandler
    startup_stm32f413xx.o(RESET) refers to stm32f4xx_it.o(i.TIM3_IRQHandler) for TIM3_IRQHandler
    startup_stm32f413xx.o(RESET) refers to stm32f4xx_it.o(i.USART1_IRQHandler) for USART1_IRQHandler
    startup_stm32f413xx.o(RESET) refers to stm32f4xx_it.o(i.USART2_IRQHandler) for USART2_IRQHandler
    startup_stm32f413xx.o(RESET) refers to stm32f4xx_it.o(i.EXTI15_10_IRQHandler) for EXTI15_10_IRQHandler
    startup_stm32f413xx.o(RESET) refers to stm32f4xx_it.o(i.SDIO_IRQHandler) for SDIO_IRQHandler
    startup_stm32f413xx.o(RESET) refers to stm32f4xx_it.o(i.DMA2_Stream2_IRQHandler) for DMA2_Stream2_IRQHandler
    startup_stm32f413xx.o(RESET) refers to stm32f4xx_it.o(i.DMA2_Stream3_IRQHandler) for DMA2_Stream3_IRQHandler
    startup_stm32f413xx.o(RESET) refers to stm32f4xx_it.o(i.DMA2_Stream6_IRQHandler) for DMA2_Stream6_IRQHandler
    startup_stm32f413xx.o(RESET) refers to stm32f4xx_it.o(i.DMA2_Stream7_IRQHandler) for DMA2_Stream7_IRQHandler
    startup_stm32f413xx.o(.text) refers to system_stm32f4xx.o(i.SystemInit) for SystemInit
    startup_stm32f413xx.o(.text) refers to entry.o(.ARM.Collect$$$$00000000) for __main
    main.o(i.CheckFreeSpace) refers to ff.o(i.f_getfree) for f_getfree
    main.o(i.CheckFreeSpace) refers to printf7.o(i.__0printf$7) for __2printf
    main.o(i.CheckFreeSpace) refers to main.o(.data) for .data
    main.o(i.CreateNewFile) refers to printf7.o(i.__0printf$7) for __2printf
    main.o(i.CreateNewFile) refers to memseta.o(.text) for __aeabi_memclr4
    main.o(i.CreateNewFile) refers to printf7.o(i.__0sprintf$7) for __2sprintf
    main.o(i.CreateNewFile) refers to ff.o(i.f_opendir) for f_opendir
    main.o(i.CreateNewFile) refers to ff.o(i.f_mkdir) for f_mkdir
    main.o(i.CreateNewFile) refers to ff.o(i.f_closedir) for f_closedir
    main.o(i.CreateNewFile) refers to ff.o(i.f_open) for f_open
    main.o(i.CreateNewFile) refers to main.o(i.printf_fatfs_error) for printf_fatfs_error
    main.o(i.CreateNewFile) refers to stm32f4xx_hal_cortex.o(i.HAL_NVIC_SystemReset) for HAL_NVIC_SystemReset
    main.o(i.CreateNewFile) refers to stm32f4xx_hal.o(i.HAL_Delay) for HAL_Delay
    main.o(i.CreateNewFile) refers to main.o(.data) for .data
    main.o(i.CreateNewFile) refers to main.o(.bss) for .bss
    main.o(i.DisplayTime) refers to printf7.o(i.__0printf$7) for __2printf
    main.o(i.DisplayTime) refers to main.o(.data) for .data
    main.o(i.GetCurrentTime) refers to printf7.o(i.__0printf$7) for __2printf
    main.o(i.GetCurrentTime) refers to stm32f4xx_hal_rtc.o(i.HAL_RTC_GetTime) for HAL_RTC_GetTime
    main.o(i.GetCurrentTime) refers to stm32f4xx_hal_rtc.o(i.HAL_RTC_GetDate) for HAL_RTC_GetDate
    main.o(i.GetCurrentTime) refers to main.o(.bss) for .bss
    main.o(i.GetCurrentTime) refers to rtc.o(.bss) for hrtc
    main.o(i.GetCurrentTime) refers to main.o(.data) for .data
    main.o(i.GetRtcTime) refers to printf7.o(i.__0printf$7) for __2printf
    main.o(i.GetRtcTime) refers to stm32f4xx_hal.o(i.HAL_Delay) for HAL_Delay
    main.o(i.GetRtcTime) refers to stm32f4xx_hal_i2c.o(i.HAL_I2C_Mem_Read) for HAL_I2C_Mem_Read
    main.o(i.GetRtcTime) refers to stm32f4xx_hal_rtc.o(i.HAL_RTC_SetDate) for HAL_RTC_SetDate
    main.o(i.GetRtcTime) refers to stm32f4xx_hal_rtc.o(i.HAL_RTC_SetTime) for HAL_RTC_SetTime
    main.o(i.GetRtcTime) refers to main.o(.bss) for .bss
[...]
    follow_path                              0x08008d55   Thumb Code   182  ff.o(i.follow_path)
    i.fputc                                  0x08008e0c   Section        0  usart.o(i.fputc)
    i.gen_numname                            0x08008e24   Section        0  ff.o(i.gen_numname)
    gen_numname                              0x08008e25   Thumb Code   136  ff.o(i.gen_numname)
    i.get_fat                                0x08008eb0   Section        0  ff.o(i.get_fat)
    get_fat                                  0x08008eb1   Thumb Code   302  ff.o(i.get_fat)
    i.get_fattime                            0x08008fde   Section        0  fatfs.o(i.get_fattime)
    i.get_ldnumber                           0x08008fe2   Section        0  ff.o(i.get_ldnumber)
    get_ldnumber                             0x08008fe3   Thumb Code    60  ff.o(i.get_ldnumber)
    i.inc_lock                               0x08009020   Section        0  ff.o(i.inc_lock)
    inc_lock                                 0x08009021   Thumb Code   124  ff.o(i.inc_lock)
    i.ld_clust                               0x080090a0   Section        0  ff.o(i.ld_clust)
    ld_clust                                 0x080090a1   Thumb Code    38  ff.o(i.ld_clust)
    i.ld_dword                               0x080090c6   Section        0  ff.o(i.ld_dword)
    ld_dword                                 0x080090c7   Thumb Code    22  ff.o(i.ld_dword)
    i.ld_qword                               0x080090dc   Section        0  ff.o(i.ld_qword)
    ld_qword                                 0x080090dd   Thumb Code    86  ff.o(i.ld_qword)
    i.ld_word                                0x08009132   Section        0  ff.o(i.ld_word)
    ld_word                                  0x08009133   Thumb Code    10  ff.o(i.ld_word)
    i.load_obj_dir                           0x0800913c   Section        0  ff.o(i.load_obj_dir)
    load_obj_dir                             0x0800913d   Thumb Code    56  ff.o(i.load_obj_dir)
    i.load_xdir                              0x08009174   Section        0  ff.o(i.load_xdir)
    load_xdir                                0x08009175   Thumb Code   200  ff.o(i.load_xdir)
    i.main                                   0x0800923c   Section        0  main.o(i.main)
    i.mem_cmp                                0x08009558   Section        0  ff.o(i.mem_cmp)
    mem_cmp                                  0x08009559   Thumb Code    26  ff.o(i.mem_cmp)
    i.mem_cpy                                0x08009572   Section        0  ff.o(i.mem_cpy)
    mem_cpy                                  0x08009573   Thumb Code    18  ff.o(i.mem_cpy)
    i.mem_set                                0x08009584   Section        0  ff.o(i.mem_set)
    mem_set                                  0x08009585   Thumb Code    14  ff.o(i.mem_set)
    i.move_window                            0x08009592   Section        0  ff.o(i.move_window)
    move_window                              0x08009593   Thumb Code    50  ff.o(i.move_window)
    i.pick_lfn                               0x080095c4   Section        0  ff.o(i.pick_lfn)
    pick_lfn                                 0x080095c5   Thumb Code   110  ff.o(i.pick_lfn)
    i.printf_fatfs_error                     0x08009638   Section        0  main.o(i.printf_fatfs_error)
    printf_fatfs_error                       0x08009639   Thumb Code   124  main.o(i.printf_fatfs_error)
    i.put_fat                                0x08009810   Section        0  ff.o(i.put_fat)
    put_fat                                  0x08009811   Thumb Code   246  ff.o(i.put_fat)
    i.remove_chain                           0x08009906   Section        0  ff.o(i.remove_chain)
    remove_chain                             0x08009907   Thumb Code   228  ff.o(i.remove_chain)
    i.st_clust                               0x080099ea   Section        0  ff.o(i.st_clust)
    st_clust                                 0x080099eb   Thumb Code    40  ff.o(i.st_clust)
    i.st_dword                               0x08009a12   Section        0  ff.o(i.st_dword)
    st_dword                                 0x08009a13   Thumb Code    16  ff.o(i.st_dword)
    i.st_qword                               0x08009a22   Section        0  ff.o(i.st_qword)
    st_qword                                 0x08009a23   Thumb Code    74  ff.o(i.st_qword)
    i.st_word                                0x08009a6c   Section        0  ff.o(i.st_word)
    st_word                                  0x08009a6d   Thumb Code     8  ff.o(i.st_word)
    i.store_xdir                             0x08009a74   Section        0  ff.o(i.store_xdir)
    store_xdir                               0x08009a75   Thumb Code   106  ff.o(i.store_xdir)
    i.sum_sfn                                0x08009ade   Section        0  ff.o(i.sum_sfn)
    sum_sfn                                  0x08009adf   Thumb Code    26  ff.o(i.sum_sfn)
    i.sync_fs                                0x08009af8   Section        0  ff.o(i.sync_fs)
    sync_fs                                  0x08009af9   Thumb Code   126  ff.o(i.sync_fs)
    i.sync_window                            0x08009b80   Section        0  ff.o(i.sync_window)
    sync_window                              0x08009b81   Thumb Code    82  ff.o(i.sync_window)
    i.validate                               0x08009bd2   Section        0  ff.o(i.validate)
    validate                                 0x08009bd3   Thumb Code    50  ff.o(i.validate)
    i.xdir_sum                               0x08009c04   Section        0  ff.o(i.xdir_sum)
    xdir_sum                                 0x08009c05   Thumb Code    52  ff.o(i.xdir_sum)
    i.xname_sum                              0x08009c38   Section        0  ff.o(i.xname_sum)
    xname_sum                                0x08009c39   Thumb Code    60  ff.o(i.xname_sum)
    i.xsum32                                 0x08009c74   Section        0  ff.o(i.xsum32)
    xsum32                                   0x08009c75   Thumb Code    16  ff.o(i.xsum32)
    .constdata                               0x08009c84   Section        6  gpio.o(.constdata)
    .constdata                               0x08009c8c   Section       20  sd_diskio.o(.constdata)
    .constdata                               0x08009ca0   Section        8  stm32f4xx_hal_dma.o(.constdata)
    flagBitshiftOffset                       0x08009ca0   Data           8  stm32f4xx_hal_dma.o(.constdata)
    .constdata                               0x08009ca8   Section       16  system_stm32f4xx.o(.constdata)
    .constdata                               0x08009cb8   Section        8  system_stm32f4xx.o(.constdata)
    .constdata                               0x08009cc0   Section       42  ff.o(.constdata)
    LfnOfs                                   0x08009cc0   Data          13  ff.o(.constdata)
    cst                                      0x08009cce   Data          14  ff.o(.constdata)
    cst32                                    0x08009cdc   Data          14  ff.o(.constdata)
    .constdata                               0x08009cea   Section    175030  cc936.o(.constdata)
    uni2oem                                  0x08009cea   Data       87172  cc936.o(.constdata)
    oem2uni                                  0x0801f16e   Data       87172  cc936.o(.constdata)
    cvt1                                     0x080345f2   Data         498  cc936.o(.constdata)
    cvt2                                     0x080347e4   Data         188  cc936.o(.constdata)
    .data                                    0x20000000   Section      108  main.o(.data)
    .data                                    0x2000006c   Section       12  gpio.o(.data)
    .data                                    0x20000078   Section       12  sd_diskio.o(.data)
    Stat                                     0x20000078   Data           1  sd_diskio.o(.data)
    WriteStatus                              0x2000007c   Data           4  sd_diskio.o(.data)
    ReadStatus                               0x20000080   Data           4  sd_diskio.o(.data)
    .data                                    0x20000084   Section        5  fatfs.o(.data)
    .data                                    0x2000008c   Section       12  stm32f4xx_hal.o(.data)
    .data                                    0x20000098   Section        4  system_stm32f4xx.o(.data)
    .data                                    0x2000009c   Section        8  ff.o(.data)
    Fsid                                     0x2000009c   Data           2  ff.o(.data)
    FatFs                                    0x200000a0   Data           4  ff.o(.data)
    .data                                    0x200000a4   Section        4  stdout.o(.data)
    .bss                                     0x200000a8   Section    318396  main.o(.bss)
    .bss                                     0x2004dc64   Section       84  i2c.o(.bss)
    .bss                                     0x2004dcb8   Section       32  rtc.o(.bss)
    .bss                                     0x2004dcd8   Section      324  sdio.o(.bss)
    .bss                                     0x2004de1c   Section      120  tim.o(.bss)
    .bss                                     0x2004de94   Section      512  usart.o(.bss)
    .bss                                     0x2004e094   Section       32  ff.o(.bss)
    Files                                    0x2004e094   Data          32  ff.o(.bss)
    .bss                                     0x2004e0b4   Section       12  ff_gen_drv.o(.bss)
    STACK                                    0x2004e0c0   Section     4096  startup_stm32f413xx.o(STACK)

    Global Symbols

    Symbol Name                              Value     Ov Type        Size  Object(Section)

    BuildAttributes$$THM_ISAv4$E$P$D$K$B$S$7EM$VFPi3$EXTD16$VFPS$VFMA$PE$A:L22UL41UL21$X:L11$S22US41US21$IEEE1$IW$USESV6$~STKCKD$USESV7$~SHL$OSPACE$ROPI$EBA8$MICROLIB$REQ8$PRES8$EABIv2 0x00000000   Number         0  anon$$obj.o ABSOLUTE
    __ARM_use_no_argv                        0x00000000   Number         0  main.o ABSOLUTE
    _printf_a                                0x00000000   Number         0  stubs.o ABSOLUTE
    _printf_c                                0x00000000   Number         0  stubs.o ABSOLUTE
    _printf_charcount                        0x00000000   Number         0  stubs.o ABSOLUTE
    _printf_d                                0x00000000   Number         0  stubs.o ABSOLUTE
    _printf_e                                0x00000000   Number         0  stubs.o ABSOLUTE
    _printf_f                                0x00000000   Number         0  stubs.o ABSOLUTE
    _printf_flags                            0x00000000   Number         0  stubs.o ABSOLUTE
    _printf_fp_dec                           0x00000000   Number         0  stubs.o ABSOLUTE
    _printf_fp_hex                           0x00000000   Number         0  stubs.o ABSOLUTE
    _printf_g                                0x00000000   Number         0  stubs.o ABSOLUTE
    _printf_i                                0x00000000   Number         0  stubs.o ABSOLUTE
    _printf_int_dec                          0x00000000   Number         0  stubs.o ABSOLUTE
    _printf_l                                0x00000000   Number         0  stubs.o ABSOLUTE
    _printf_lc                               0x00000000   Number         0  stubs.o ABSOLUTE
    _printf_ll                               0x00000000   Number         0  stubs.o ABSOLUTE
    _printf_lld                              0x00000000   Number         0  stubs.o ABSOLUTE
    _printf_lli                              0x00000000   Number         0  stubs.o ABSOLUTE
    _printf_llo                              0x00000000   Number         0  stubs.o ABSOLUTE
    _printf_llu                              0x00000000   Number         0  stubs.o ABSOLUTE
    _printf_llx                              0x00000000   Number         0  stubs.o ABSOLUTE
    _printf_longlong_dec                     0x00000000   Number         0  stubs.o ABSOLUTE
    _printf_longlong_hex                     0x00000000   Number         0  stubs.o ABSOLUTE
    _printf_longlong_oct                     0x00000000   Number         0  stubs.o ABSOLUTE
    _printf_ls                               0x00000000   Number         0  stubs.o ABSOLUTE
    _printf_mbtowc                           0x00000000   Number         0  stubs.o ABSOLUTE
    _printf_n                                0x00000000   Number         0  stubs.o ABSOLUTE
    _printf_o                                0x00000000   Number         0  stubs.o ABSOLUTE
    _printf_p                                0x00000000   Number         0  stubs.o ABSOLUTE
    _printf_percent                          0x00000000   Number         0  stubs.o ABSOLUTE
    _printf_pre_padding                      0x00000000   Number         0  stubs.o ABSOLUTE
    _printf_return_value                     0x00000000   Number         0  stubs.o ABSOLUTE
    _printf_s                                0x00000000   Number         0  stubs.o ABSOLUTE
    _printf_sizespec                         0x00000000   Number         0  stubs.o ABSOLUTE
    _printf_str                              0x00000000   Number         0  stubs.o ABSOLUTE
    _printf_truncate_signed                  0x00000000   Number         0  stubs.o ABSOLUTE
    _printf_truncate_unsigned                0x00000000   Number         0  stubs.o ABSOLUTE
    _printf_u                                0x00000000   Number         0  stubs.o ABSOLUTE
    _printf_wc                               0x00000000   Number         0  stubs.o ABSOLUTE
    _printf_wctomb                           0x00000000   Number         0  stubs.o ABSOLUTE
    _printf_widthprec                        0x00000000   Number         0  stubs.o ABSOLUTE
    _printf_x                                0x00000000   Number         0  stubs.o ABSOLUTE
    __cpp_initialize__aeabi_                  - Undefined Weak Reference
    __cxa_finalize                            - Undefined Weak Reference
    __decompress                              - Undefined Weak Reference
    _clock_init                               - Undefined Weak Reference
    _microlib_exit                            - Undefined Weak Reference
    __Vectors_Size                           0x000001d8   Number         0  startup_stm32f413xx.o ABSOLUTE
    __Vectors                                0x08000000   Data           4  startup_stm32f413xx.o(RESET)
    __Vectors_End                            0x080001d8   Data           0  startup_stm32f413xx.o(RESET)
    __main                                   0x080001d9   Thumb Code     0  entry.o(.ARM.Collect$$$$00000000)
    _main_stk                                0x080001d9   Thumb Code     0  entry2.o(.ARM.Collect$$$$00000001)
    _main_scatterload                        0x080001dd   Thumb Code     0  entry5.o(.ARM.Collect$$$$00000004)
    __main_after_scatterload                 0x080001e1   Thumb Code     0  entry5.o(.ARM.Collect$$$$00000004)
    _main_clock                              0x080001e1   Thumb Code     0  entry7b.o(.ARM.Collect$$$$00000008)
    _main_cpp_init                           0x080001e1   Thumb Code     0  entry8b.o(.ARM.Collect$$$$0000000A)
    _main_init                               0x080001e1   Thumb Code     0  entry9a.o(.ARM.Collect$$$$0000000B)
    __rt_final_cpp                           0x080001e9   Thumb Code     0  entry10a.o(.ARM.Collect$$$$0000000D)
    __rt_final_exit                          0x080001e9   Thumb Code     0  entry11a.o(.ARM.Collect$$$$0000000F)
    Reset_Handler                            0x080001ed   Thumb Code     8  startup_stm32f413xx.o(.text)
    ADC_IRQHandler                           0x08000207   Thumb Code     0  startup_stm32f413xx.o(.text)
    CAN1_RX0_IRQHandler                      0x08000207   Thumb Code     0  startup_stm32f413xx.o(.text)
    CAN1_RX1_IRQHandler                      0x08000207   Thumb Code     0  startup_stm32f413xx.o(.text)
    CAN1_SCE_IRQHandler                      0x08000207   Thumb Code     0  startup_stm32f413xx.o(.text)
    CAN1_TX_IRQHandler                       0x08000207   Thumb Code     0  startup_stm32f413xx.o(.text)
    CAN2_RX0_IRQHandler                      0x08000207   Thumb Code     0  startup_stm32f413xx.o(.text)
    CAN2_RX1_IRQHandler                      0x08000207   Thumb Code     0  startup_stm32f413xx.o(.text)
    CAN2_SCE_IRQHandler                      0x08000207   Thumb Code     0  startup_stm32f413xx.o(.text)
    CAN2_TX_IRQHandler                       0x08000207   Thumb Code     0  startup_stm32f413xx.o(.text)
    CAN3_RX0_IRQHandler                      0x08000207   Thumb Code     0  startup_stm32f413xx.o(.text)
    CAN3_RX1_IRQHandler                      0x08000207   Thumb Code     0  startup_stm32f413xx.o(.text)
    CAN3_SCE_IRQHandler                      0x08000207   Thumb Code     0  startup_stm32f413xx.o(.text)
    CAN3_TX_IRQHandler                       0x08000207   Thumb Code     0  startup_stm32f413xx.o(.text)
    DFSDM1_FLT0_IRQHandler                   0x08000207   Thumb Code     0  startup_stm32f413xx.o(.text)
    DFSDM1_FLT1_IRQHandler                   0x08000207   Thumb Code     0  startup_stm32f413xx.o(.text)
    DFSDM2_FLT0_IRQHandler                   0x08000207   Thumb Code     0  startup_stm32f413xx.o(.text)
    DFSDM2_FLT1_IRQHandler                   0x08000207   Thumb Code     0  startup_stm32f413xx.o(.text)
    DFSDM2_FLT2_IRQHandler                   0x08000207   Thumb Code     0  startup_stm32f413xx.o(.text)
    DFSDM2_FLT3_IRQHandler                   0x08000207   Thumb Code     0  startup_stm32f413xx.o(.text)
    DMA1_Stream0_IRQHandler                  0x08000207   Thumb Code     0  startup_stm32f413xx.o(.text)
    DMA1_Stream1_IRQHandler                  0x08000207   Thumb Code     0  startup_stm32f413xx.o(.text)
    DMA1_Stream2_IRQHandler                  0x08000207   Thumb Code     0  startup_stm32f413xx.o(.text)
    DMA1_Stream3_IRQHandler                  0x08000207   Thumb Code     0  startup_stm32f413xx.o(.text)
    DMA1_Stream4_IRQHandler                  0x08000207   Thumb Code     0  startup_stm32f413xx.o(.text)
    DMA1_Stream7_IRQHandler                  0x08000207   Thumb Code     0  startup_stm32f413xx.o(.text)
    DMA2_Stream0_IRQHandler                  0x08000207   Thumb Code     0  startup_stm32f413xx.o(.text)
    DMA2_Stream1_IRQHandler                  0x08000207   Thumb Code     0  startup_stm32f413xx.o(.text)
    DMA2_Stream4_IRQHandler                  0x08000207   Thumb Code     0  startup_stm32f413xx.o(.text)
    DMA2_Stream5_IRQHandler                  0x08000207   Thumb Code     0  startup_stm32f413xx.o(.text)
    EXTI0_IRQHandler                         0x08000207   Thumb Code     0  startup_stm32f413xx.o(.text)
    EXTI1_IRQHandler                         0x08000207   Thumb Code     0  startup_stm32f413xx.o(.text)
    EXTI2_IRQHandler                         0x08000207   Thumb Code     0  startup_stm32f413xx.o(.text)
    EXTI3_IRQHandler                         0x08000207   Thumb Code     0  startup_stm32f413xx.o(.text)
    EXTI4_IRQHandler                         0x08000207   Thumb Code     0  startup_stm32f413xx.o(.text)
    FLASH_IRQHandler                         0x08000207   Thumb Code     0  startup_stm32f413xx.o(.text)
    FMPI2C1_ER_IRQHandler                    0x08000207   Thumb Code     0  startup_stm32f413xx.o(.text)
    FMPI2C1_EV_IRQHandler                    0x08000207   Thumb Code     0  startup_stm32f413xx.o(.text)
    FPU_IRQHandler                           0x08000207   Thumb Code     0  startup_stm32f413xx.o(.text)
    FSMC_IRQHandler                          0x08000207   Thumb Code     0  startup_stm32f413xx.o(.text)
    I2C1_ER_IRQHandler                       0x08000207   Thumb Code     0  startup_stm32f413xx.o(.text)
    I2C1_EV_IRQHandler                       0x08000207   Thumb Code     0  startup_stm32f413xx.o(.text)
    I2C2_ER_IRQHandler                       0x08000207   Thumb Code     0  startup_stm32f413xx.o(.text)
    I2C2_EV_IRQHandler                       0x08000207   Thumb Code     0  startup_stm32f413xx.o(.text)
    I2C3_ER_IRQHandler                       0x08000207   Thumb Code     0  startup_stm32f413xx.o(.text)
    I2C3_EV_IRQHandler                       0x08000207   Thumb Code     0  startup_stm32f413xx.o(.text)
    LPTIM1_IRQHandler                        0x08000207   Thumb Code     0  startup_stm32f413xx.o(.text)
    OTG_FS_IRQHandler                        0x08000207   Thumb Code     0  startup_stm32f413xx.o(.text)
    OTG_FS_WKUP_IRQHandler                   0x08000207   Thumb Code     0  startup_stm32f413xx.o(.text)
    PVD_IRQHandler                           0x08000207   Thumb Code     0  startup_stm32f413xx.o(.text)
    QUADSPI_IRQHandler                       0x08000207   Thumb Code     0  startup_stm32f413xx.o(.text)
    RCC_IRQHandler                           0x08000207   Thumb Code     0  startup_stm32f413xx.o(.text)
    RNG_IRQHandler                           0x08000207   Thumb Code     0  startup_stm32f413xx.o(.text)
    RTC_Alarm_IRQHandler                     0x08000207   Thumb Code     0  startup_stm32f413xx.o(.text)
    RTC_WKUP_IRQHandler                      0x08000207   Thumb Code     0  startup_stm32f413xx.o(.text)
    SAI1_IRQHandler                          0x08000207   Thumb Code     0  startup_stm32f413xx.o(.text)
    SPI1_IRQHandler                          0x08000207   Thumb Code     0  startup_stm32f413xx.o(.text)
    SPI2_IRQHandler                          0x08000207   Thumb Code     0  startup_stm32f413xx.o(.text)
    SPI3_IRQHandler                          0x08000207   Thumb Code     0  startup_stm32f413xx.o(.text)
    SPI4_IRQHandler                          0x08000207   Thumb Code     0  startup_stm32f413xx.o(.text)
    SPI5_IRQHandler                          0x08000207   Thumb Code     0  startup_stm32f413xx.o(.text)
    TAMP_STAMP_IRQHandler                    0x08000207   Thumb Code     0  startup_stm32f413xx.o(.text)
    TIM1_BRK_TIM9_IRQHandler                 0x08000207   Thumb Code     0  startup_stm32f413xx.o(.text)
    TIM1_CC_IRQHandler                       0x08000207   Thumb Code     0  startup_stm32f413xx.o(.text)
    TIM1_TRG_COM_TIM11_IRQHandler            0x08000207   Thumb Code     0  startup_stm32f413xx.o(.text)
    TIM1_UP_TIM10_IRQHandler                 0x08000207   Thumb Code     0  startup_stm32f413xx.o(.text)
    TIM4_IRQHandler                          0x08000207   Thumb Code     0  startup_stm32f413xx.o(.text)
    TIM5_IRQHandler                          0x08000207   Thumb Code     0  startup_stm32f413xx.o(.text)
    TIM6_DAC_IRQHandler                      0x08000207   Thumb Code     0  startup_stm32f413xx.o(.text)
    TIM7_IRQHandler                          0x08000207   Thumb Code     0  startup_stm32f413xx.o(.text)
    TIM8_BRK_TIM12_IRQHandler                0x08000207   Thumb Code     0  startup_stm32f413xx.o(.text)
    TIM8_CC_IRQHandler                       0x08000207   Thumb Code     0  startup_stm32f413xx.o(.text)
    TIM8_TRG_COM_TIM14_IRQHandler            0x08000207   Thumb Code     0  startup_stm32f413xx.o(.text)
    TIM8_UP_TIM13_IRQHandler                 0x08000207   Thumb Code     0  startup_stm32f413xx.o(.text)
    UART10_IRQHandler                        0x08000207   Thumb Code     0  startup_stm32f413xx.o(.text)
    UART4_IRQHandler                         0x08000207   Thumb Code     0  startup_stm32f413xx.o(.text)
    UART5_IRQHandler                         0x08000207   Thumb Code     0  startup_stm32f413xx.o(.text)
    UART7_IRQHandler                         0x08000207   Thumb Code     0  startup_stm32f413xx.o(.text)
    UART8_IRQHandler                         0x08000207   Thumb Code     0  startup_stm32f413xx.o(.text)
    UART9_IRQHandler                         0x08000207   Thumb Code     0  startup_stm32f413xx.o(.text)
    USART3_IRQHandler                        0x08000207   Thumb Code     0  startup_stm32f413xx.o(.text)
    USART6_IRQHandler                        0x08000207   Thumb Code     0  startup_stm32f413xx.o(.text)
    WWDG_IRQHandler                          0x08000207   Thumb Code     0  startup_stm32f413xx.o(.text)
    __aeabi_uldivmod                         0x08000211   Thumb Code    98  uldiv.o(.text)
    __aeabi_memcpy                           0x08000273   Thumb Code    36  memcpya.o(.text)
    __aeabi_memcpy4                          0x08000273   Thumb Code     0  memcpya.o(.text)
    __aeabi_memcpy8                          0x08000273   Thumb Code     0  memcpya.o(.text)
    __aeabi_memset                           0x08000297   Thumb Code    14  memseta.o(.text)
    __aeabi_memset4                          0x08000297   Thumb Code     0  memseta.o(.text)
    __aeabi_memset8                          0x08000297   Thumb Code     0  memseta.o(.text)
    __aeabi_memclr                           0x080002a5   Thumb Code     4  memseta.o(.text)
    __aeabi_memclr4                          0x080002a5   Thumb Code     0  memseta.o(.text)
    __aeabi_memclr8                          0x080002a5   Thumb Code     0  memseta.o(.text)
    _memset$wrapper                          0x080002a9   Thumb Code    18  memseta.o(.text)
    __aeabi_llsl                             0x080002bb   Thumb Code    30  llshl.o(.text)
    _ll_shift_l                              0x080002bb   Thumb Code     0  llshl.o(.text)
    __aeabi_llsr                             0x080002d9   Thumb Code    32  llushr.o(.text)
    _ll_ushift_r                             0x080002d9   Thumb Code     0  llushr.o(.text)
    __scatterload                            0x080002f9   Thumb Code    28  init.o(.text)
    __scatterload_rt2                        0x080002f9   Thumb Code     0  init.o(.text)
    BSP_SD_AbortCallback                     0x0800031d   Thumb Code     2  bsp_driver_sd.o(i.BSP_SD_AbortCallback)
    BSP_SD_GetCardInfo                       0x08000321   Thumb Code     8  bsp_driver_sd.o(i.BSP_SD_GetCardInfo)
    BSP_SD_GetCardState                      0x0800032d   Thumb Code    20  bsp_driver_sd.o(i.BSP_SD_GetCardState)
    BSP_SD_Init                              0x08000345   Thumb Code    48  bsp_driver_sd.o(i.BSP_SD_Init)
    BSP_SD_ReadBlocks_DMA                    0x08000379   Thumb Code    24  bsp_driver_sd.o(i.BSP_SD_ReadBlocks_DMA)
    BSP_SD_ReadCpltCallback                  0x08000395   Thumb Code     8  sd_diskio.o(i.BSP_SD_ReadCpltCallback)
    BSP_SD_WriteBlocks_DMA                   0x080003a1   Thumb Code    24  bsp_driver_sd.o(i.BSP_SD_WriteBlocks_DMA)
    BSP_SD_WriteCpltCallback                 0x080003bd   Thumb Code     8  sd_diskio.o(i.BSP_SD_WriteCpltCallback)
    BusFault_Handler                         0x080003c9   Thumb Code     2  stm32f4xx_it.o(i.BusFault_Handler)
    CheckFreeSpace                           0x080003cd   Thumb Code    80  main.o(i.CheckFreeSpace)
    CreateNewFile                            0x08000451   Thumb Code   334  main.o(i.CreateNewFile)
    DMA1_Stream5_IRQHandler                  0x08000695   Thumb Code     6  stm32f4xx_it.o(i.DMA1_Stream5_IRQHandler)
    DMA1_Stream6_IRQHandler                  0x080006a1   Thumb Code     6  stm32f4xx_it.o(i.DMA1_Stream6_IRQHandler)
    DMA2_Stream2_IRQHandler                  0x080006ad   Thumb Code     6  stm32f4xx_it.o(i.DMA2_Stream2_IRQHandler)
    DMA2_Stream3_IRQHandler                  0x080006b9   Thumb Code     6  stm32f4xx_it.o(i.DMA2_Stream3_IRQHandler)
    DMA2_Stream6_IRQHandler                  0x080006c5   Thumb Code     6  stm32f4xx_it.o(i.DMA2_Stream6_IRQHandler)
    DMA2_Stream7_IRQHandler                  0x080006d1   Thumb Code     6  stm32f4xx_it.o(i.DMA2_Stream7_IRQHandler)
    DebugMon_Handler                         0x0800079f   Thumb Code     2  stm32f4xx_it.o(i.DebugMon_Handler)
    DisplayTime                              0x080007a1   Thumb Code    28  main.o(i.DisplayTime)
    EXTI15_10_IRQHandler                     0x080007ed   Thumb Code    22  stm32f4xx_it.o(i.EXTI15_10_IRQHandler)
    EXTI9_5_IRQHandler                       0x08000803   Thumb Code     6  stm32f4xx_it.o(i.EXTI9_5_IRQHandler)
    Error_Handler                            0x08000809   Thumb Code     2  main.o(i.Error_Handler)
    FATFS_LinkDriver                         0x0800080b   Thumb Code     6  ff_gen_drv.o(i.FATFS_LinkDriver)
    FATFS_LinkDriverEx                       0x08000811   Thumb Code    58  ff_gen_drv.o(i.FATFS_LinkDriverEx)
    GetRtcTime                               0x08000851   Thumb Code   240  main.o(i.GetRtcTime)
    GetRtcTime2                              0x08000999   Thumb Code   190  main.o(i.GetRtcTime2)
    HAL_DMAEx_MultiBufferStart_IT            0x08000ac5   Thumb Code  2422  stm32f4xx_hal_dma_ex.o(i.HAL_DMAEx_MultiBufferStart_IT)
    HAL_DMA_Abort_IT                         0x08001445   Thumb Code    36  stm32f4xx_hal_dma.o(i.HAL_DMA_Abort_IT)
    HAL_DMA_IRQHandler                       0x08001469   Thumb Code   412  stm32f4xx_hal_dma.o(i.HAL_DMA_IRQHandler)
    HAL_DMA_Init                             0x08001609   Thumb Code   206  stm32f4xx_hal_dma.o(i.HAL_DMA_Init)
    HAL_DMA_Start_IT                         0x080016dd   Thumb Code   120  stm32f4xx_hal_dma.o(i.HAL_DMA_Start_IT)
    HAL_Delay                                0x08001755   Thumb Code    32  stm32f4xx_hal.o(i.HAL_Delay)
    HAL_GPIO_EXTI_Callback                   0x08001779   Thumb Code    76  main.o(i.HAL_GPIO_EXTI_Callback)
    HAL_GPIO_EXTI_IRQHandler                 0x0800182d   Thumb Code    18  stm32f4xx_hal_gpio.o(i.HAL_GPIO_EXTI_IRQHandler)
    HAL_GPIO_Init                            0x08001845   Thumb Code   378  stm32f4xx_hal_gpio.o(i.HAL_GPIO_Init)
    HAL_GPIO_TogglePin                       0x080019e9   Thumb Code     8  stm32f4xx_hal_gpio.o(i.HAL_GPIO_TogglePin)
    HAL_GPIO_WritePin                        0x080019f1   Thumb Code    10  stm32f4xx_hal_gpio.o(i.HAL_GPIO_WritePin)
    HAL_GetTick                              0x080019fd   Thumb Code     6  stm32f4xx_hal.o(i.HAL_GetTick)
    HAL_I2C_Init                             0x08001a09   Thumb Code   254  stm32f4xx_hal_i2c.o(i.HAL_I2C_Init)
    HAL_I2C_Mem_Read                         0x08001b11   Thumb Code   496  stm32f4xx_hal_i2c.o(i.HAL_I2C_Mem_Read)
    HAL_I2C_Mem_Write                        0x08001d0d   Thumb Code   306  stm32f4xx_hal_i2c.o(i.HAL_I2C_Mem_Write)
    HAL_I2C_MspInit                          0x08001e49   Thumb Code    94  i2c.o(i.HAL_I2C_MspInit)
    HAL_IncTick                              0x08001eb5   Thumb Code    12  stm32f4xx_hal.o(i.HAL_IncTick)
    HAL_Init                                 0x08001ec5   Thumb Code    48  stm32f4xx_hal.o(i.HAL_Init)
    HAL_InitTick                             0x08001ef9   Thumb Code    54  stm32f4xx_hal.o(i.HAL_InitTick)
    HAL_MspInit                              0x08001f39   Thumb Code    42  stm32f4xx_hal_msp.o(i.HAL_MspInit)
    HAL_NVIC_EnableIRQ                       0x08001f69   Thumb Code    22  stm32f4xx_hal_cortex.o(i.HAL_NVIC_EnableIRQ)
    HAL_NVIC_SetPriority                     0x08001f81   Thumb Code    60  stm32f4xx_hal_cortex.o(i.HAL_NVIC_SetPriority)
    HAL_NVIC_SetPriorityGrouping             0x08001fc1   Thumb Code    26  stm32f4xx_hal_cortex.o(i.HAL_NVIC_SetPriorityGrouping)
    HAL_NVIC_SystemReset                     0x08001fe5   Thumb Code    26  stm32f4xx_hal_cortex.o(i.HAL_NVIC_SystemReset)
    HAL_RCCEx_PeriphCLKConfig                0x08002009   Thumb Code   792  stm32f4xx_hal_rcc_ex.o(i.HAL_RCCEx_PeriphCLKConfig)
    HAL_RCC_ClockConfig                      0x08002341   Thumb Code   286  stm32f4xx_hal_rcc.o(i.HAL_RCC_ClockConfig)
    HAL_RCC_GetPCLK1Freq                     0x08002471   Thumb Code    20  stm32f4xx_hal_rcc.o(i.HAL_RCC_GetPCLK1Freq)
    HAL_RCC_GetPCLK2Freq                     0x08002491   Thumb Code    20  stm32f4xx_hal_rcc.o(i.HAL_RCC_GetPCLK2Freq)
    HAL_RCC_GetSysClockFreq                  0x080024b1   Thumb Code    88  stm32f4xx_hal_rcc.o(i.HAL_RCC_GetSysClockFreq)
    HAL_RCC_OscConfig                        0x08002515   Thumb Code   778  stm32f4xx_hal_rcc_ex.o(i.HAL_RCC_OscConfig)
    HAL_RTC_Init                             0x08002839   Thumb Code   166  stm32f4xx_hal_rtc.o(i.HAL_RTC_Init)
    HAL_RTC_MspInit                          0x080028e5   Thumb Code    16  rtc.o(i.HAL_RTC_MspInit)
    HAL_RTC_SetDate                          0x080028fd   Thumb Code   194  stm32f4xx_hal_rtc.o(i.HAL_RTC_SetDate)
    HAL_RTC_SetTime                          0x080029c5   Thumb Code   236  stm32f4xx_hal_rtc.o(i.HAL_RTC_SetTime)
    HAL_RTC_WaitForSynchro                   0x08002ab5   Thumb Code    54  stm32f4xx_hal_rtc.o(i.HAL_RTC_WaitForSynchro)
    HAL_SD_AbortCallback                     0x08002aeb   Thumb Code     8  bsp_driver_sd.o(i.HAL_SD_AbortCallback)
    HAL_SD_ConfigWideBusOperation            0x08002af3   Thumb Code   120  stm32f4xx_hal_sd.o(i.HAL_SD_ConfigWideBusOperation)
    HAL_SD_ErrorCallback                     0x08002b6b   Thumb Code     2  stm32f4xx_hal_sd.o(i.HAL_SD_ErrorCallback)
    HAL_SD_GetCardCID                        0x08002b6d   Thumb Code   178  stm32f4xx_hal_sd.o(i.HAL_SD_GetCardCID)
    HAL_SD_GetCardCSD                        0x08002c1f   Thumb Code   474  stm32f4xx_hal_sd.o(i.HAL_SD_GetCardCSD)
    HAL_SD_GetCardInfo                       0x08002df9   Thumb Code    36  stm32f4xx_hal_sd.o(i.HAL_SD_GetCardInfo)
    HAL_SD_GetCardState                      0x08002e1d   Thumb Code    44  stm32f4xx_hal_sd.o(i.HAL_SD_GetCardState)
    HAL_SD_IRQHandler                        0x08002e49   Thumb Code   420  stm32f4xx_hal_sd.o(i.HAL_SD_IRQHandler)
    HAL_SD_Init                              0x08002ff5   Thumb Code    54  stm32f4xx_hal_sd.o(i.HAL_SD_Init)
    HAL_SD_InitCard                          0x0800302d   Thumb Code    80  stm32f4xx_hal_sd.o(i.HAL_SD_InitCard)
    HAL_SD_MspInit                           0x08003081   Thumb Code   296  sdio.o(i.HAL_SD_MspInit)
    HAL_SD_ReadBlocks_DMA                    0x080031c1   Thumb Code   230  stm32f4xx_hal_sd.o(i.HAL_SD_ReadBlocks_DMA)
    HAL_SD_RxCpltCallback                    0x080032b5   Thumb Code     8  bsp_driver_sd.o(i.HAL_SD_RxCpltCallback)
    HAL_SD_TxCpltCallback                    0x080032bd   Thumb Code     8  bsp_driver_sd.o(i.HAL_SD_TxCpltCallback)
    HAL_SD_WriteBlocks_DMA                   0x080032c5   Thumb Code   232  stm32f4xx_hal_sd.o(i.HAL_SD_WriteBlocks_DMA)
    HAL_SYSTICK_Config                       0x080033b9   Thumb Code    40  stm32f4xx_hal_cortex.o(i.HAL_SYSTICK_Config)
    HAL_TIMEx_BreakCallback                  0x080033e1   Thumb Code     2  stm32f4xx_hal_tim_ex.o(i.HAL_TIMEx_BreakCallback)
    HAL_TIMEx_CommutationCallback            0x080033e3   Thumb Code     2  stm32f4xx_hal_tim_ex.o(i.HAL_TIMEx_CommutationCallback)
    HAL_TIMEx_MasterConfigSynchronization    0x080033e5   Thumb Code    80  stm32f4xx_hal_tim_ex.o(i.HAL_TIMEx_MasterConfigSynchronization)
    HAL_TIM_Base_Init                        0x08003435   Thumb Code    54  stm32f4xx_hal_tim.o(i.HAL_TIM_Base_Init)
    HAL_TIM_Base_MspInit                     0x0800346d   Thumb Code    86  tim.o(i.HAL_TIM_Base_MspInit)
    HAL_TIM_Base_Start_IT                    0x080034cd   Thumb Code    24  stm32f4xx_hal_tim.o(i.HAL_TIM_Base_Start_IT)
    HAL_TIM_ConfigClockSource                0x080034e5   Thumb Code   242  stm32f4xx_hal_tim.o(i.HAL_TIM_ConfigClockSource)
    HAL_TIM_IC_CaptureCallback               0x080035d7   Thumb Code     2  stm32f4xx_hal_tim.o(i.HAL_TIM_IC_CaptureCallback)
    HAL_TIM_IRQHandler                       0x080035d9   Thumb Code   358  stm32f4xx_hal_tim.o(i.HAL_TIM_IRQHandler)
    HAL_TIM_OC_DelayElapsedCallback          0x0800373f   Thumb Code     2  stm32f4xx_hal_tim.o(i.HAL_TIM_OC_DelayElapsedCallback)
    HAL_TIM_PWM_PulseFinishedCallback        0x08003741   Thumb Code     2  stm32f4xx_hal_tim.o(i.HAL_TIM_PWM_PulseFinishedCallback)
    HAL_TIM_PeriodElapsedCallback            0x08003745   Thumb Code   206  main.o(i.HAL_TIM_PeriodElapsedCallback)
    HAL_TIM_TriggerCallback                  0x08003895   Thumb Code     2  stm32f4xx_hal_tim.o(i.HAL_TIM_TriggerCallback)
    HAL_UART_ErrorCallback                   0x08003897   Thumb Code     2  stm32f4xx_hal_uart.o(i.HAL_UART_ErrorCallback)
    HAL_UART_IRQHandler                      0x08003899   Thumb Code   266  stm32f4xx_hal_uart.o(i.HAL_UART_IRQHandler)
    HAL_UART_Init                            0x080039a9   Thumb Code    98  stm32f4xx_hal_uart.o(i.HAL_UART_Init)
    HAL_UART_MspInit                         0x08003a0d   Thumb Code   402  usart.o(i.HAL_UART_MspInit)
    HAL_UART_MultiRxCpltCallback             0x08003bc5   Thumb Code    14  main.o(i.HAL_UART_MultiRxCpltCallback)
    HAL_UART_Multi_Receive_DMA               0x08003bd9   Thumb Code   142  stm32f4xx_hal_uart.o(i.HAL_UART_Multi_Receive_DMA)
    HAL_UART_Receive_DMA                     0x08003c79   Thumb Code   138  stm32f4xx_hal_uart.o(i.HAL_UART_Receive_DMA)
    HAL_UART_RxCpltCallback                  0x08003d11   Thumb Code    30  main.o(i.HAL_UART_RxCpltCallback)
    HAL_UART_RxHalfCpltCallback              0x08003d3d   Thumb Code     2  stm32f4xx_hal_uart.o(i.HAL_UART_RxHalfCpltCallback)
    HAL_UART_Transmit                        0x08003d3f   Thumb Code   186  stm32f4xx_hal_uart.o(i.HAL_UART_Transmit)
    HAL_UART_TxCpltCallback                  0x08003df9   Thumb Code     2  stm32f4xx_hal_uart.o(i.HAL_UART_TxCpltCallback)
    HardFault_Handler                        0x08003dfb   Thumb Code     2  stm32f4xx_it.o(i.HardFault_Handler)
    LedControl                               0x0800419d   Thumb Code    84  main.o(i.LedControl)
    LedFlash                                 0x080041fd   Thumb Code    16  main.o(i.LedFlash)
    MX_DMA_Init                              0x08004215   Thumb Code   136  dma.o(i.MX_DMA_Init)
    MX_FATFS_Init                            0x080042a1   Thumb Code    18  fatfs.o(i.MX_FATFS_Init)
    MX_GPIO_Init                             0x080042bd   Thumb Code   240  gpio.o(i.MX_GPIO_Init)
    MX_I2C1_Init                             0x080043c5   Thumb Code    50  i2c.o(i.MX_I2C1_Init)
    MX_RTC_Init                              0x08004405   Thumb Code    44  rtc.o(i.MX_RTC_Init)
    MX_SDIO_SD_Init                          0x08004439   Thumb Code    24  sdio.o(i.MX_SDIO_SD_Init)
    MX_TIM2_Init                             0x08004459   Thumb Code    94  tim.o(i.MX_TIM2_Init)
    MX_TIM3_Init                             0x080044bd   Thumb Code    94  tim.o(i.MX_TIM3_Init)
    MX_USART1_UART_Init                      0x08004525   Thumb Code    46  usart.o(i.MX_USART1_UART_Init)
    MX_USART2_UART_Init                      0x08004561   Thumb Code    48  usart.o(i.MX_USART2_UART_Init)
    MemManage_Handler                        0x08004599   Thumb Code     2  stm32f4xx_it.o(i.MemManage_Handler)
    MountSDcard                              0x0800459d   Thumb Code   236  main.o(i.MountSDcard)
    NMI_Handler                              0x08004851   Thumb Code     2  stm32f4xx_it.o(i.NMI_Handler)
    ParseData                                0x08004875   Thumb Code    76  main.o(i.ParseData)
    ParsePara                                0x080048e9   Thumb Code   354  main.o(i.ParsePara)
    PendSV_Handler                           0x08004b0d   Thumb Code     2  stm32f4xx_it.o(i.PendSV_Handler)
    RTC_Bcd2ToByte                           0x08004b0f   Thumb Code    18  stm32f4xx_hal_rtc.o(i.RTC_Bcd2ToByte)
    RTC_ByteToBcd2                           0x08004b21   Thumb Code    22  stm32f4xx_hal_rtc.o(i.RTC_ByteToBcd2)
    RTC_EnterInitMode                        0x08004b39   Thumb Code    58  stm32f4xx_hal_rtc.o(i.RTC_EnterInitMode)
    SDIO_ConfigData                          0x08004b73   Thumb Code    36  stm32f4xx_ll_sdmmc.o(i.SDIO_ConfigData)
    SDIO_GetPowerState                       0x08004b97   Thumb Code     8  stm32f4xx_ll_sdmmc.o(i.SDIO_GetPowerState)
    SDIO_GetResponse                         0x08004b9f   Thumb Code    12  stm32f4xx_ll_sdmmc.o(i.SDIO_GetResponse)
    SDIO_IRQHandler                          0x08004bad   Thumb Code     6  stm32f4xx_it.o(i.SDIO_IRQHandler)
    SDIO_Init                                0x08004bb9   Thumb Code    36  stm32f4xx_ll_sdmmc.o(i.SDIO_Init)
    SDIO_PowerState_ON                       0x08004bdd   Thumb Code     8  stm32f4xx_ll_sdmmc.o(i.SDIO_PowerState_ON)
    SDIO_ReadFIFO                            0x08004be5   Thumb Code     6  stm32f4xx_ll_sdmmc.o(i.SDIO_ReadFIFO)
    SDIO_SendCommand                         0x08004beb   Thumb Code    32  stm32f4xx_ll_sdmmc.o(i.SDIO_SendCommand)
    SDIO_WriteFIFO                           0x08004c0b   Thumb Code    10  stm32f4xx_ll_sdmmc.o(i.SDIO_WriteFIFO)
    SDMMC_CmdAppCommand                      0x08004c15   Thumb Code    50  stm32f4xx_ll_sdmmc.o(i.SDMMC_CmdAppCommand)
    SDMMC_CmdAppOperCommand                  0x08004c49   Thumb Code    48  stm32f4xx_ll_sdmmc.o(i.SDMMC_CmdAppOperCommand)
    SDMMC_CmdBlockLength                     0x08004c7d   Thumb Code    50  stm32f4xx_ll_sdmmc.o(i.SDMMC_CmdBlockLength)
    SDMMC_CmdBusWidth                        0x08004caf   Thumb Code    50  stm32f4xx_ll_sdmmc.o(i.SDMMC_CmdBusWidth)
    SDMMC_CmdGoIdleState                     0x08004ce1   Thumb Code    76  stm32f4xx_ll_sdmmc.o(i.SDMMC_CmdGoIdleState)
    SDMMC_CmdOperCond                        0x08004d31   Thumb Code    98  stm32f4xx_ll_sdmmc.o(i.SDMMC_CmdOperCond)
    SDMMC_CmdReadMultiBlock                  0x08004d99   Thumb Code    50  stm32f4xx_ll_sdmmc.o(i.SDMMC_CmdReadMultiBlock)
    SDMMC_CmdReadSingleBlock                 0x08004dcb   Thumb Code    50  stm32f4xx_ll_sdmmc.o(i.SDMMC_CmdReadSingleBlock)
    SDMMC_CmdSelDesel                        0x08004dfd   Thumb Code    50  stm32f4xx_ll_sdmmc.o(i.SDMMC_CmdSelDesel)
    SDMMC_CmdSendCID                         0x08004e2f   Thumb Code    44  stm32f4xx_ll_sdmmc.o(i.SDMMC_CmdSendCID)
    SDMMC_CmdSendCSD                         0x08004e5b   Thumb Code    44  stm32f4xx_ll_sdmmc.o(i.SDMMC_CmdSendCSD)
    SDMMC_CmdSendSCR                         0x08004e87   Thumb Code    48  stm32f4xx_ll_sdmmc.o(i.SDMMC_CmdSendSCR)
    SDMMC_CmdSendStatus                      0x08004eb7   Thumb Code    50  stm32f4xx_ll_sdmmc.o(i.SDMMC_CmdSendStatus)
    SDMMC_CmdSetRelAdd                       0x08004ee9   Thumb Code    48  stm32f4xx_ll_sdmmc.o(i.SDMMC_CmdSetRelAdd)
    SDMMC_CmdStopTransfer                    0x08004f19   Thumb Code    46  stm32f4xx_ll_sdmmc.o(i.SDMMC_CmdStopTransfer)
    SDMMC_CmdWriteMultiBlock                 0x08004f4d   Thumb Code    50  stm32f4xx_ll_sdmmc.o(i.SDMMC_CmdWriteMultiBlock)
    SDMMC_CmdWriteSingleBlock                0x08004f7f   Thumb Code    50  stm32f4xx_ll_sdmmc.o(i.SDMMC_CmdWriteSingleBlock)
    SD_initialize                            0x0800562d   Thumb Code    28  sd_diskio.o(i.SD_initialize)
    SD_ioctl                                 0x0800564d   Thumb Code    76  sd_diskio.o(i.SD_ioctl)
    SD_read                                  0x0800569d   Thumb Code   102  sd_diskio.o(i.SD_read)
    SD_status                                0x08005709   Thumb Code     4  sd_diskio.o(i.SD_status)
    SD_write                                 0x0800570d   Thumb Code   102  sd_diskio.o(i.SD_write)
    SVC_Handler                              0x08005779   Thumb Code     2  stm32f4xx_it.o(i.SVC_Handler)
    SaveData                                 0x0800577d   Thumb Code   118  main.o(i.SaveData)
    SaveDataToFile                           0x08005839   Thumb Code    90  main.o(i.SaveDataToFile)
    SaveToCache                              0x080058cd   Thumb Code   178  main.o(i.SaveToCache)
    SysTick_Handler                          0x080059d9   Thumb Code     4  stm32f4xx_it.o(i.SysTick_Handler)
    SystemClock_Config                       0x080059dd   Thumb Code   152  main.o(i.SystemClock_Config)
    SystemInit                               0x08005a7d   Thumb Code    66  system_stm32f4xx.o(i.SystemInit)
    TIM2_IRQHandler                          0x08005ad1   Thumb Code     6  stm32f4xx_it.o(i.TIM2_IRQHandler)
    TIM3_IRQHandler                          0x08005add   Thumb Code     6  stm32f4xx_it.o(i.TIM3_IRQHandler)
    TIM_Base_SetConfig                       0x08005ae9   Thumb Code   148  stm32f4xx_hal_tim.o(i.TIM_Base_SetConfig)
    USART1_IRQHandler                        0x0800611d   Thumb Code     6  stm32f4xx_it.o(i.USART1_IRQHandler)
    USART2_IRQHandler                        0x08006129   Thumb Code     6  stm32f4xx_it.o(i.USART2_IRQHandler)
    UsageFault_Handler                       0x08006135   Thumb Code     2  stm32f4xx_it.o(i.UsageFault_Handler)
    __0printf$7                              0x08006139   Thumb Code    22  printf7.o(i.__0printf$7)
    __1printf$7                              0x08006139   Thumb Code     0  printf7.o(i.__0printf$7)
    __2printf                                0x08006139   Thumb Code     0  printf7.o(i.__0printf$7)
    __0sprintf$7                             0x08006159   Thumb Code    34  printf7.o(i.__0sprintf$7)
    __1sprintf$7                             0x08006159   Thumb Code     0  printf7.o(i.__0sprintf$7)
    __2sprintf                               0x08006159   Thumb Code     0  printf7.o(i.__0sprintf$7)
    __scatterload_copy                       0x08006181   Thumb Code    14  handlers.o(i.__scatterload_copy)
    __scatterload_null                       0x0800618f   Thumb Code     2  handlers.o(i.__scatterload_null)
    __scatterload_zeroinit                   0x08006191   Thumb Code    14  handlers.o(i.__scatterload_zeroinit)
    disk_initialize                          0x08007215   Thumb Code    36  diskio.o(i.disk_initialize)
    disk_ioctl                               0x0800723d   Thumb Code    24  diskio.o(i.disk_ioctl)
    disk_read                                0x08007259   Thumb Code    24  diskio.o(i.disk_read)
    disk_status                              0x08007275   Thumb Code    18  diskio.o(i.disk_status)
    disk_write                               0x0800728d   Thumb Code    24  diskio.o(i.disk_write)
    f_close                                  0x080072a9   Thumb Code    40  ff.o(i.f_close)
    f_closedir                               0x080072d1   Thumb Code    34  ff.o(i.f_closedir)
    f_getfree                                0x080072f3   Thumb Code   278  ff.o(i.f_getfree)
    f_mkdir                                  0x08007409   Thumb Code   450  ff.o(i.f_mkdir)
    f_mkfs                                   0x080075cd   Thumb Code  2724  ff.o(i.f_mkfs)
    f_mount                                  0x08008091   Thumb Code    84  ff.o(i.f_mount)
    f_open                                   0x080080e9   Thumb Code   818  ff.o(i.f_open)
    f_opendir                                0x08008421   Thumb Code   224  ff.o(i.f_opendir)
    f_sync                                   0x08008501   Thumb Code   356  ff.o(i.f_sync)
    f_write                                  0x08008665   Thumb Code   472  ff.o(i.f_write)
    ff_convert                               0x0800883d   Thumb Code    68  cc936.o(i.ff_convert)
    ff_wtoupper                              0x08008889   Thumb Code   120  cc936.o(i.ff_wtoupper)
    fputc                                    0x08008e0d   Thumb Code    20  usart.o(i.fputc)
    get_fattime                              0x08008fdf   Thumb Code     4  fatfs.o(i.get_fattime)
    main                                     0x0800923d   Thumb Code   582  main.o(i.main)
    LED_PIN                                  0x08009c84   Data           6  gpio.o(.constdata)
    SD_Driver                                0x08009c8c   Data          20  sd_diskio.o(.constdata)
    AHBPrescTable                            0x08009ca8   Data          16  system_stm32f4xx.o(.constdata)
    APBPrescTable                            0x08009cb8   Data           8  system_stm32f4xx.o(.constdata)
    Region$$Table$$Base                      0x080348a0   Number         0  anon$$obj.o(Region$$Table)
    Region$$Table$$Limit                     0x080348c0   Number         0  anon$$obj.o(Region$$Table)
    f_res                                    0x20000000   Data           1  main.o(.data)
    state                                    0x20000001   Data           1  main.o(.data)
    g_fopen_flag                             0x20000002   Data           1  main.o(.data)
    g_data_ready                             0x20000003   Data           1  main.o(.data)
    g_sync_ready                             0x20000004   Data           1  main.o(.data)
    g_stop_sdcard                            0x20000005   Data           1  main.o(.data)
    g_curr_year                              0x20000006   Data           1  main.o(.data)
    g_curr_month                             0x20000007   Data           1  main.o(.data)
    g_curr_date                              0x20000008   Data           1  main.o(.data)
    g_curr_week                              0x20000009   Data           1  main.o(.data)
    g_curr_hour                              0x2000000a   Data           1  main.o(.data)
    g_curr_minute                            0x2000000b   Data           1  main.o(.data)
    g_curr_second                            0x2000000c   Data           1  main.o(.data)
    g_dev_id                                 0x2000000d   Data           1  main.o(.data)
    g_reset_dma                              0x2000000e   Data           1  main.o(.data)
    g_have_data                              0x2000000f   Data           1  main.o(.data)
    g_test_flag                              0x20000010   Data           1  main.o(.data)
    g_sdcard_ok                              0x20000011   Data           1  main.o(.data)
    g_parse_flag                             0x20000012   Data           1  main.o(.data)
    g_umount_flag                            0x20000013   Data           1  main.o(.data)
    g_need_reboot                            0x20000014   Data           1  main.o(.data)
    g_need_synctime                          0x20000015   Data           1  main.o(.data)
    g_pin12_flag                             0x20000016   Data           1  main.o(.data)
    g_system_reboot                          0x20000017   Data           1  main.o(.data)
    g_start_mount                            0x20000018   Data           1  main.o(.data)
    g_mount_cnt                              0x20000019   Data           1  main.o(.data)
    g_sdcard_full                            0x2000001a   Data           1  main.o(.data)
    g_start_cache                            0x2000001b   Data           1  main.o(.data)
    g_on_bed                                 0x2000001c   Data           1  main.o(.data)
    g_cache_overflow                         0x2000001d   Data           1  main.o(.data)
    g_need_close_file                        0x2000001e   Data           1  main.o(.data)
    g_dma_full                               0x2000001f   Data           1  main.o(.data)
    g_led_flash                              0x20000020   Data           1  main.o(.data)
    g_cache_len                              0x20000022   Data           2  main.o(.data)
    g_pkt_len                                0x20000024   Data           2  main.o(.data)
    g_ms_cnt                                 0x20000026   Data           2  main.o(.data)
    g_seq                                    0x20000028   Data           2  main.o(.data)
    g_file_cnt                               0x2000002a   Data           2  main.o(.data)
    g_pin12_cnt                              0x2000002c   Data           2  main.o(.data)
    g_led_freq                               0x2000002e   Data           2  main.o(.data)
    w_index                                  0x20000030   Data           4  main.o(.data)
    r_index                                  0x20000034   Data           4  main.o(.data)
    lw_index                                 0x20000038   Data           4  main.o(.data)
    lr_index                                 0x2000003c   Data           4  main.o(.data)
    g_lost_pkt                               0x20000040   Data           4  main.o(.data)
    g_lost_flag                              0x20000044   Data           4  main.o(.data)
    fnum                                     0x20000048   Data           4  main.o(.data)
    g_err_cnt                                0x2000004c   Data           4  main.o(.data)
    g_cnt                                    0x20000050   Data           4  main.o(.data)
    g_wait_cnt                               0x20000054   Data           4  main.o(.data)
    g_reset_cnt                              0x20000058   Data           4  main.o(.data)
    g_sec_cnt                                0x2000005c   Data           4  main.o(.data)
    g_time_seq                               0x20000060   Data           4  main.o(.data)
    gg_cnt                                   0x20000064   Data           4  main.o(.data)
    sdatestructure                           0x20000068   Data           4  main.o(.data)
    LED_PORT                                 0x2000006c   Data          12  gpio.o(.data)
    retSD                                    0x20000084   Data           1  fatfs.o(.data)
    SDPath                                   0x20000085   Data           4  fatfs.o(.data)
    uwTickFreq                               0x2000008c   Data           1  stm32f4xx_hal.o(.data)
    uwTickPrio                               0x20000090   Data           4  stm32f4xx_hal.o(.data)
    uwTick                                   0x20000094   Data           4  stm32f4xx_hal.o(.data)
    SystemCoreClock                          0x20000098   Data           4  system_stm32f4xx.o(.data)
    __stdout                                 0x200000a4   Data           4  stdout.o(.data)
    ReadTime                                 0x200000a8   Data          30  main.o(.bss)
    fs                                       0x200000c8   Data         568  main.o(.bss)
    file                                     0x20000300   Data         600  main.o(.bss)
    SD_CardCID                               0x20000558   Data          24  main.o(.bss)
    g_sync_buf                               0x20000570   Data          30  main.o(.bss)
    stimestructure                           0x20000590   Data          20  main.o(.bss)
    FAT_BUF                                  0x200005a4   Data        4096  main.o(.bss)
    g_pkt_buf                                0x200015a4   Data         512  main.o(.bss)
    g_pkt_buf2                               0x200017a4   Data         512  main.o(.bss)
    s_cache                                  0x200019a4   Data       312000  main.o(.bss)
    hi2c1                                    0x2004dc64   Data          84  i2c.o(.bss)
    hrtc                                     0x2004dcb8   Data          32  rtc.o(.bss)
    hsd                                      0x2004dcd8   Data         132  sdio.o(.bss)
    hdma_sdio_rx                             0x2004dd5c   Data          96  sdio.o(.bss)
    hdma_sdio_tx                             0x2004ddbc   Data          96  sdio.o(.bss)
    htim2                                    0x2004de1c   Data          60  tim.o(.bss)
    htim3                                    0x2004de58   Data          60  tim.o(.bss)
    huart1                                   0x2004de94   Data          64  usart.o(.bss)
    huart2                                   0x2004ded4   Data          64  usart.o(.bss)
    hdma_usart1_rx                           0x2004df14   Data          96  usart.o(.bss)
    hdma_usart1_tx                           0x2004df74   Data          96  usart.o(.bss)
    hdma_usart2_rx                           0x2004dfd4   Data          96  usart.o(.bss)
    hdma_usart2_tx                           0x2004e034   Data          96  usart.o(.bss)
    disk                                     0x2004e0b4   Data          12  ff_gen_drv.o(.bss)
    __initial_sp                             0x2004f0c0   Data           0  startup_stm32f413xx.o(STACK)



==============================================================================

Memory Map of the image

  Image Entry point : 0x080001d9

  Load Region LR_IROM1 (Base: 0x08000000, Size: 0x00034968, Max: 0x00100000, ABSOLUTE)

    Execution Region ER_IROM1 (Base: 0x08000000, Size: 0x000348c0, Max: 0x00100000, ABSOLUTE)

    Base Addr    Size         Type   Attr      Idx    E Section Name        Object

    0x08000000   0x000001d8   Data   RO            3    RESET               startup_stm32f413xx.o
    0x080001d8   0x00000000   Code   RO         5387  * .ARM.Collect$$$$00000000  mc_w.l(entry.o)
    0x080001d8   0x00000004   Code   RO         5659    .ARM.Collect$$$$00000001  mc_w.l(entry2.o)
    0x080001dc   0x00000004   Code   RO         5662    .ARM.Collect$$$$00000004  mc_w.l(entry5.o)
    0x080001e0   0x00000000   Code   RO         5664    .ARM.Collect$$$$00000008  mc_w.l(entry7b.o)
    0x080001e0   0x00000000   Code   RO         5666    .ARM.Collect$$$$0000000A  mc_w.l(entry8b.o)
    0x080001e0   0x00000008   Code   RO         5667    .ARM.Collect$$$$0000000B  mc_w.l(entry9a.o)
    0x080001e8   0x00000000   Code   RO         5669    .ARM.Collect$$$$0000000D  mc_w.l(entry10a.o)
    0x080001e8   0x00000000   Code   RO         5671    .ARM.Collect$$$$0000000F  mc_w.l(entry11a.o)
    0x080001e8   0x00000004   Code   RO         5660    .ARM.Collect$$$$00002712  mc_w.l(entry2.o)
    0x080001ec   0x00000024   Code   RO            4    .text               startup_stm32f413xx.o
    0x08000210   0x00000062   Code   RO         5390    .text               mc_w.l(uldiv.o)
    0x08000272   0x00000024   Code   RO         5392    .text               mc_w.l(memcpya.o)
    0x08000296   0x00000024   Code   RO         5394    .text               mc_w.l(memseta.o)
    0x080002ba   0x0000001e   Code   RO         5676    .text               mc_w.l(llshl.o)
    0x080002d8   0x00000020   Code   RO         5678    .text               mc_w.l(llushr.o)
    0x080002f8   0x00000024   Code   RO         5691    .text               mc_w.l(init.o)
    0x0800031c   0x00000002   Code   RO          434    i.BSP_SD_AbortCallback  bsp_driver_sd.o
    0x0800031e   0x00000002   PAD
    0x08000320   0x0000000c   Code   RO          440    i.BSP_SD_GetCardInfo  bsp_driver_sd.o
    0x0800032c   0x00000018   Code   RO          441    i.BSP_SD_GetCardState  bsp_driver_sd.o
    0x08000344   0x00000034   Code   RO          444    i.BSP_SD_Init       bsp_driver_sd.o
    0x08000378   0x0000001c   Code   RO          447    i.BSP_SD_ReadBlocks_DMA  bsp_driver_sd.o
    0x08000394   0x0000000c   Code   RO          578    i.BSP_SD_ReadCpltCallback  sd_diskio.o
    0x080003a0   0x0000001c   Code   RO          450    i.BSP_SD_WriteBlocks_DMA  bsp_driver_sd.o
    0x080003bc   0x0000000c   Code   RO          579    i.BSP_SD_WriteCpltCallback  sd_diskio.o
    0x080003c8   0x00000002   Code   RO          916    i.BusFault_Handler  stm32f4xx_it.o
    0x080003ca   0x00000002   PAD
    0x080003cc   0x00000084   Code   RO           14    i.CheckFreeSpace    main.o
    0x08000450   0x00000244   Code   RO           15    i.CreateNewFile     main.o
    0x08000694   0x0000000c   Code   RO          917    i.DMA1_Stream5_IRQHandler  stm32f4xx_it.o
    0x080006a0   0x0000000c   Code   RO          918    i.DMA1_Stream6_IRQHandler  stm32f4xx_it.o
    0x080006ac   0x0000000c   Code   RO          919    i.DMA2_Stream2_IRQHandler  stm32f4xx_it.o
    0x080006b8   0x0000000c   Code   RO          920    i.DMA2_Stream3_IRQHandler  stm32f4xx_it.o
    0x080006c4   0x0000000c   Code   RO          921    i.DMA2_Stream6_IRQHandler  stm32f4xx_it.o
    0x080006d0   0x0000000c   Code   RO          922    i.DMA2_Stream7_IRQHandler  stm32f4xx_it.o
    0x080006dc   0x00000028   Code   RO         4100    i.DMA_CalcBaseAndBitshift  stm32f4xx_hal_dma.o
    0x08000704   0x00000054   Code   RO         4101    i.DMA_CheckFifoParam  stm32f4xx_hal_dma.o
    0x08000758   0x0000001e   Code   RO         4059    i.DMA_MultiBufferSetConfig  stm32f4xx_hal_dma_ex.o
    0x08000776   0x00000028   Code   RO         4102    i.DMA_SetConfig     stm32f4xx_hal_dma.o
    0x0800079e   0x00000002   Code   RO          923    i.DebugMon_Handler  stm32f4xx_it.o
    0x080007a0   0x0000004c   Code   RO           16    i.DisplayTime       main.o
    0x080007ec   0x00000016   Code   RO          924    i.EXTI15_10_IRQHandler  stm32f4xx_it.o
    0x08000802   0x00000006   Code   RO          925    i.EXTI9_5_IRQHandler  stm32f4xx_it.o
    0x08000808   0x00000002   Code   RO           17    i.Error_Handler     main.o
    0x0800080a   0x00000006   Code   RO         5284    i.FATFS_LinkDriver  ff_gen_drv.o
    0x08000810   0x00000040   Code   RO         5285    i.FATFS_LinkDriverEx  ff_gen_drv.o
    0x08000850   0x00000148   Code   RO           19    i.GetRtcTime        main.o
    0x08000998   0x0000012c   Code   RO           20    i.GetRtcTime2       main.o
    0x08000ac4   0x00000980   Code   RO         4062    i.HAL_DMAEx_MultiBufferStart_IT  stm32f4xx_hal_dma_ex.o
    0x08001444   0x00000024   Code   RO         4104    i.HAL_DMA_Abort_IT  stm32f4xx_hal_dma.o
    0x08001468   0x000001a0   Code   RO         4108    i.HAL_DMA_IRQHandler  stm32f4xx_hal_dma.o
    0x08001608   0x000000d4   Code   RO         4109    i.HAL_DMA_Init      stm32f4xx_hal_dma.o
    0x080016dc   0x00000078   Code   RO         4113    i.HAL_DMA_Start_IT  stm32f4xx_hal_dma.o
    0x08001754   0x00000024   Code   RO         4546    i.HAL_Delay         stm32f4xx_hal.o
    0x08001778   0x000000b4   Code   RO           21    i.HAL_GPIO_EXTI_Callback  main.o
    0x0800182c   0x00000018   Code   RO         3995    i.HAL_GPIO_EXTI_IRQHandler  stm32f4xx_hal_gpio.o
    0x08001844   0x000001a4   Code   RO         3996    i.HAL_GPIO_Init     stm32f4xx_hal_gpio.o
    0x080019e8   0x00000008   Code   RO         3999    i.HAL_GPIO_TogglePin  stm32f4xx_hal_gpio.o
    0x080019f0   0x0000000a   Code   RO         4000    i.HAL_GPIO_WritePin  stm32f4xx_hal_gpio.o
    0x080019fa   0x00000002   PAD
    0x080019fc   0x0000000c   Code   RO         4552    i.HAL_GetTick       stm32f4xx_hal.o
    0x08001a08   0x00000108   Code   RO         1105    i.HAL_I2C_Init      stm32f4xx_hal_i2c.o
    0x08001b10   0x000001fc   Code   RO         1121    i.HAL_I2C_Mem_Read  stm32f4xx_hal_i2c.o
    0x08001d0c   0x0000013c   Code   RO         1124    i.HAL_I2C_Mem_Write  stm32f4xx_hal_i2c.o
    0x08001e48   0x0000006c   Code   RO          689    i.HAL_I2C_MspInit   i2c.o
    0x08001eb4   0x00000010   Code   RO         4556    i.HAL_IncTick       stm32f4xx_hal.o
    0x08001ec4   0x00000034   Code   RO         4557    i.HAL_Init          stm32f4xx_hal.o
    0x08001ef8   0x00000040   Code   RO         4558    i.HAL_InitTick      stm32f4xx_hal.o
    0x08001f38   0x00000030   Code   RO         1070    i.HAL_MspInit       stm32f4xx_hal_msp.o
    0x08001f68   0x00000016   Code   RO         4409    i.HAL_NVIC_EnableIRQ  stm32f4xx_hal_cortex.o
    0x08001f7e   0x00000002   PAD
    0x08001f80   0x00000040   Code   RO         4415    i.HAL_NVIC_SetPriority  stm32f4xx_hal_cortex.o
    0x08001fc0   0x00000024   Code   RO         4416    i.HAL_NVIC_SetPriorityGrouping  stm32f4xx_hal_cortex.o
    0x08001fe4   0x00000024   Code   RO         4417    i.HAL_NVIC_SystemReset  stm32f4xx_hal_cortex.o
    0x08002008   0x00000338   Code   RO         3705    i.HAL_RCCEx_PeriphCLKConfig  stm32f4xx_hal_rcc_ex.o
    0x08002340   0x00000130   Code   RO         3600    i.HAL_RCC_ClockConfig  stm32f4xx_hal_rcc.o
    0x08002470   0x00000020   Code   RO         3607    i.HAL_RCC_GetPCLK1Freq  stm32f4xx_hal_rcc.o
    0x08002490   0x00000020   Code   RO         3608    i.HAL_RCC_GetPCLK2Freq  stm32f4xx_hal_rcc.o
    0x080024b0   0x00000064   Code   RO         3609    i.HAL_RCC_GetSysClockFreq  stm32f4xx_hal_rcc.o
    0x08002514   0x00000324   Code   RO         3709    i.HAL_RCC_OscConfig  stm32f4xx_hal_rcc_ex.o
    0x08002838   0x000000ac   Code   RO         1530    i.HAL_RTC_Init      stm32f4xx_hal_rtc.o
    0x080028e4   0x00000018   Code   RO          731    i.HAL_RTC_MspInit   rtc.o
    0x080028fc   0x000000c8   Code   RO         1536    i.HAL_RTC_SetDate   stm32f4xx_hal_rtc.o
    0x080029c4   0x000000f0   Code   RO         1537    i.HAL_RTC_SetTime   stm32f4xx_hal_rtc.o
    0x08002ab4   0x00000036   Code   RO         1538    i.HAL_RTC_WaitForSynchro  stm32f4xx_hal_rtc.o
    0x08002aea   0x00000008   Code   RO          452    i.HAL_SD_AbortCallback  bsp_driver_sd.o
    0x08002af2   0x00000078   Code   RO         2154    i.HAL_SD_ConfigWideBusOperation  stm32f4xx_hal_sd.o
    0x08002b6a   0x00000002   Code   RO         2157    i.HAL_SD_ErrorCallback  stm32f4xx_hal_sd.o
    0x08002b6c   0x000000b2   Code   RO         2158    i.HAL_SD_GetCardCID  stm32f4xx_hal_sd.o
    0x08002c1e   0x000001da   Code   RO         2159    i.HAL_SD_GetCardCSD  stm32f4xx_hal_sd.o
    0x08002df8   0x00000024   Code   RO         2160    i.HAL_SD_GetCardInfo  stm32f4xx_hal_sd.o
    0x08002e1c   0x0000002c   Code   RO         2161    i.HAL_SD_GetCardState  stm32f4xx_hal_sd.o
    0x08002e48   0x000001ac   Code   RO         2165    i.HAL_SD_IRQHandler  stm32f4xx_hal_sd.o
    0x08002ff4   0x00000036   Code   RO         2166    i.HAL_SD_Init       stm32f4xx_hal_sd.o
    0x0800302a   0x00000002   PAD
    0x0800302c   0x00000054   Code   RO         2167    i.HAL_SD_InitCard   stm32f4xx_hal_sd.o
    0x08003080   0x00000140   Code   RO          773    i.HAL_SD_MspInit    sdio.o
    0x080031c0   0x000000f4   Code   RO         2171    i.HAL_SD_ReadBlocks_DMA  stm32f4xx_hal_sd.o
    0x080032b4   0x00000008   Code   RO          453    i.HAL_SD_RxCpltCallback  bsp_driver_sd.o
    0x080032bc   0x00000008   Code   RO          454    i.HAL_SD_TxCpltCallback  bsp_driver_sd.o
    0x080032c4   0x000000f4   Code   RO         2176    i.HAL_SD_WriteBlocks_DMA  stm32f4xx_hal_sd.o
    0x080033b8   0x00000028   Code   RO         4420    i.HAL_SYSTICK_Config  stm32f4xx_hal_cortex.o
    0x080033e0   0x00000002   Code   RO         3017    i.HAL_TIMEx_BreakCallback  stm32f4xx_hal_tim_ex.o
    0x080033e2   0x00000002   Code   RO         3018    i.HAL_TIMEx_CommutationCallback  stm32f4xx_hal_tim_ex.o
    0x080033e4   0x00000050   Code   RO         3034    i.HAL_TIMEx_MasterConfigSynchronization  stm32f4xx_hal_tim_ex.o
    0x08003434   0x00000036   Code   RO         2388    i.HAL_TIM_Base_Init  stm32f4xx_hal_tim.o
    0x0800346a   0x00000002   PAD
    0x0800346c   0x00000060   Code   RO          815    i.HAL_TIM_Base_MspInit  tim.o
    0x080034cc   0x00000018   Code   RO         2393    i.HAL_TIM_Base_Start_IT  stm32f4xx_hal_tim.o
    0x080034e4   0x000000f2   Code   RO         2397    i.HAL_TIM_ConfigClockSource  stm32f4xx_hal_tim.o
    0x080035d6   0x00000002   Code   RO         2417    i.HAL_TIM_IC_CaptureCallback  stm32f4xx_hal_tim.o
    0x080035d8   0x00000166   Code   RO         2430    i.HAL_TIM_IRQHandler  stm32f4xx_hal_tim.o
    0x0800373e   0x00000002   Code   RO         2433    i.HAL_TIM_OC_DelayElapsedCallback  stm32f4xx_hal_tim.o
    0x08003740   0x00000002   Code   RO         2460    i.HAL_TIM_PWM_PulseFinishedCallback  stm32f4xx_hal_tim.o
    0x08003742   0x00000002   PAD
    0x08003744   0x00000150   Code   RO           22    i.HAL_TIM_PeriodElapsedCallback  main.o
    0x08003894   0x00000002   Code   RO         2471    i.HAL_TIM_TriggerCallback  stm32f4xx_hal_tim.o
    0x08003896   0x00000002   Code   RO         3277    i.HAL_UART_ErrorCallback  stm32f4xx_hal_uart.o
    0x08003898   0x00000110   Code   RO         3280    i.HAL_UART_IRQHandler  stm32f4xx_hal_uart.o
    0x080039a8   0x00000062   Code   RO         3281    i.HAL_UART_Init     stm32f4xx_hal_uart.o
    0x08003a0a   0x00000002   PAD
    0x08003a0c   0x000001b8   Code   RO          863    i.HAL_UART_MspInit  usart.o
    0x08003bc4   0x00000014   Code   RO           23    i.HAL_UART_MultiRxCpltCallback  main.o
    0x08003bd8   0x000000a0   Code   RO         3285    i.HAL_UART_Multi_Receive_DMA  stm32f4xx_hal_uart.o
    0x08003c78   0x00000098   Code   RO         3287    i.HAL_UART_Receive_DMA  stm32f4xx_hal_uart.o
    0x08003d10   0x0000002c   Code   RO           24    i.HAL_UART_RxCpltCallback  main.o
    0x08003d3c   0x00000002   Code   RO         3290    i.HAL_UART_RxHalfCpltCallback  stm32f4xx_hal_uart.o
    0x08003d3e   0x000000ba   Code   RO         3291    i.HAL_UART_Transmit  stm32f4xx_hal_uart.o
    0x08003df8   0x00000002   Code   RO         3294    i.HAL_UART_TxCpltCallback  stm32f4xx_hal_uart.o
    0x08003dfa   0x00000002   Code   RO          926    i.HardFault_Handler  stm32f4xx_it.o
    0x08003dfc   0x00000028   Code   RO         1143    i.I2C_IsAcknowledgeFailed  stm32f4xx_hal_i2c.o
    0x08003e24   0x000000f0   Code   RO         1152    i.I2C_RequestMemoryRead  stm32f4xx_hal_i2c.o
    0x08003f14   0x000000a0   Code   RO         1153    i.I2C_RequestMemoryWrite  stm32f4xx_hal_i2c.o
    0x08003fb4   0x0000004e   Code   RO         1156    i.I2C_WaitOnBTFFlagUntilTimeout  stm32f4xx_hal_i2c.o
    0x08004002   0x00000060   Code   RO         1157    i.I2C_WaitOnFlagUntilTimeout  stm32f4xx_hal_i2c.o
    0x08004062   0x00000002   PAD
    0x08004064   0x00000088   Code   RO         1158    i.I2C_WaitOnMasterAddressFlagUntilTimeout  stm32f4xx_hal_i2c.o
    0x080040ec   0x00000062   Code   RO         1159    i.I2C_WaitOnRXNEFlagUntilTimeout  stm32f4xx_hal_i2c.o
    0x0800414e   0x0000004e   Code   RO         1160    i.I2C_WaitOnTXEFlagUntilTimeout  stm32f4xx_hal_i2c.o
    0x0800419c   0x00000060   Code   RO           25    i.LedControl        main.o
    0x080041fc   0x00000018   Code   RO           26    i.LedFlash          main.o
    0x08004214   0x0000008c   Code   RO          410    i.MX_DMA_Init       dma.o
    0x080042a0   0x0000001c   Code   RO          650    i.MX_FATFS_Init     fatfs.o
    0x080042bc   0x00000108   Code   RO          382    i.MX_GPIO_Init      gpio.o
    0x080043c4   0x00000040   Code   RO          690    i.MX_I2C1_Init      i2c.o
    0x08004404   0x00000034   Code   RO          732    i.MX_RTC_Init       rtc.o
    0x08004438   0x00000020   Code   RO          774    i.MX_SDIO_SD_Init   sdio.o
    0x08004458   0x00000064   Code   RO          816    i.MX_TIM2_Init      tim.o
    0x080044bc   0x00000068   Code   RO          817    i.MX_TIM3_Init      tim.o
    0x08004524   0x0000003c   Code   RO          864    i.MX_USART1_UART_Init  usart.o
    0x08004560   0x00000038   Code   RO          865    i.MX_USART2_UART_Init  usart.o
    0x08004598   0x00000002   Code   RO          927    i.MemManage_Handler  stm32f4xx_it.o
    0x0800459a   0x00000002   PAD
    0x0800459c   0x000002b4   Code   RO           27    i.MountSDcard       main.o
    0x08004850   0x00000002   Code   RO          928    i.NMI_Handler       stm32f4xx_it.o
    0x08004852   0x00000020   Code   RO         4422    i.NVIC_SetPriority  stm32f4xx_hal_cortex.o
    0x08004872   0x00000002   PAD
    0x08004874   0x00000074   Code   RO           28    i.ParseData         main.o
    0x080048e8   0x00000224   Code   RO           29    i.ParsePara         main.o
    0x08004b0c   0x00000002   Code   RO          929    i.PendSV_Handler    stm32f4xx_it.o
    0x08004b0e   0x00000012   Code   RO         1539    i.RTC_Bcd2ToByte    stm32f4xx_hal_rtc.o
    0x08004b20   0x00000016   Code   RO         1540    i.RTC_ByteToBcd2    stm32f4xx_hal_rtc.o
    0x08004b36   0x00000002   PAD
    0x08004b38   0x0000003a   Code   RO         1541    i.RTC_EnterInitMode  stm32f4xx_hal_rtc.o
    0x08004b72   0x00000024   Code   RO         1887    i.SDIO_ConfigData   stm32f4xx_ll_sdmmc.o
    0x08004b96   0x00000008   Code   RO         1891    i.SDIO_GetPowerState  stm32f4xx_ll_sdmmc.o
    0x08004b9e   0x0000000c   Code   RO         1892    i.SDIO_GetResponse  stm32f4xx_ll_sdmmc.o
    0x08004baa   0x00000002   PAD
    0x08004bac   0x0000000c   Code   RO          930    i.SDIO_IRQHandler   stm32f4xx_it.o
    0x08004bb8   0x00000024   Code   RO         1893    i.SDIO_Init         stm32f4xx_ll_sdmmc.o
    0x08004bdc   0x00000008   Code   RO         1895    i.SDIO_PowerState_ON  stm32f4xx_ll_sdmmc.o
    0x08004be4   0x00000006   Code   RO         1896    i.SDIO_ReadFIFO     stm32f4xx_ll_sdmmc.o
    0x08004bea   0x00000020   Code   RO         1897    i.SDIO_SendCommand  stm32f4xx_ll_sdmmc.o
    0x08004c0a   0x0000000a   Code   RO         1899    i.SDIO_WriteFIFO    stm32f4xx_ll_sdmmc.o
    0x08004c14   0x00000032   Code   RO         1900    i.SDMMC_CmdAppCommand  stm32f4xx_ll_sdmmc.o
    0x08004c46   0x00000002   PAD
    0x08004c48   0x00000034   Code   RO         1901    i.SDMMC_CmdAppOperCommand  stm32f4xx_ll_sdmmc.o
    0x08004c7c   0x00000032   Code   RO         1902    i.SDMMC_CmdBlockLength  stm32f4xx_ll_sdmmc.o
    0x08004cae   0x00000032   Code   RO         1903    i.SDMMC_CmdBusWidth  stm32f4xx_ll_sdmmc.o
    0x08004ce0   0x00000050   Code   RO         1907    i.SDMMC_CmdGoIdleState  stm32f4xx_ll_sdmmc.o
    0x08004d30   0x00000068   Code   RO         1909    i.SDMMC_CmdOperCond  stm32f4xx_ll_sdmmc.o
    0x08004d98   0x00000032   Code   RO         1910    i.SDMMC_CmdReadMultiBlock  stm32f4xx_ll_sdmmc.o
    0x08004dca   0x00000032   Code   RO         1911    i.SDMMC_CmdReadSingleBlock  stm32f4xx_ll_sdmmc.o
    0x08004dfc   0x00000032   Code   RO         1914    i.SDMMC_CmdSelDesel  stm32f4xx_ll_sdmmc.o
    0x08004e2e   0x0000002c   Code   RO         1915    i.SDMMC_CmdSendCID  stm32f4xx_ll_sdmmc.o
    0x08004e5a   0x0000002c   Code   RO         1916    i.SDMMC_CmdSendCSD  stm32f4xx_ll_sdmmc.o
    0x08004e86   0x00000030   Code   RO         1917    i.SDMMC_CmdSendSCR  stm32f4xx_ll_sdmmc.o
    0x08004eb6   0x00000032   Code   RO         1918    i.SDMMC_CmdSendStatus  stm32f4xx_ll_sdmmc.o
    0x08004ee8   0x00000030   Code   RO         1919    i.SDMMC_CmdSetRelAdd  stm32f4xx_ll_sdmmc.o
    0x08004f18   0x00000034   Code   RO         1921    i.SDMMC_CmdStopTransfer  stm32f4xx_ll_sdmmc.o
    0x08004f4c   0x00000032   Code   RO         1923    i.SDMMC_CmdWriteMultiBlock  stm32f4xx_ll_sdmmc.o
    0x08004f7e   0x00000032   Code   RO         1924    i.SDMMC_CmdWriteSingleBlock  stm32f4xx_ll_sdmmc.o
    0x08004fb0   0x0000011c   Code   RO         1925    i.SDMMC_GetCmdResp1  stm32f4xx_ll_sdmmc.o
    0x080050cc   0x00000050   Code   RO         1926    i.SDMMC_GetCmdResp2  stm32f4xx_ll_sdmmc.o
    0x0800511c   0x00000040   Code   RO         1927    i.SDMMC_GetCmdResp3  stm32f4xx_ll_sdmmc.o
    0x0800515c   0x00000084   Code   RO         1928    i.SDMMC_GetCmdResp6  stm32f4xx_ll_sdmmc.o
    0x080051e0   0x00000020   Code   RO          580    i.SD_CheckStatus    sd_diskio.o
    0x08005200   0x00000056   Code   RO         2178    i.SD_DMAError       stm32f4xx_hal_sd.o
    0x08005256   0x0000003e   Code   RO         2179    i.SD_DMAReceiveCplt  stm32f4xx_hal_sd.o
    0x08005294   0x00000048   Code   RO         2180    i.SD_DMARxAbort     stm32f4xx_hal_sd.o
    0x080052dc   0x0000000e   Code   RO         2181    i.SD_DMATransmitCplt  stm32f4xx_hal_sd.o
    0x080052ea   0x00000048   Code   RO         2182    i.SD_DMATxAbort     stm32f4xx_hal_sd.o
    0x08005332   0x000000d4   Code   RO         2183    i.SD_FindSCR        stm32f4xx_hal_sd.o
    0x08005406   0x000000e6   Code   RO         2184    i.SD_InitCard       stm32f4xx_hal_sd.o
    0x080054ec   0x000000a2   Code   RO         2185    i.SD_PowerON        stm32f4xx_hal_sd.o
    0x0800558e   0x0000004e   Code   RO         2187    i.SD_WideBus_Disable  stm32f4xx_hal_sd.o
    0x080055dc   0x0000004e   Code   RO         2188    i.SD_WideBus_Enable  stm32f4xx_hal_sd.o
    0x0800562a   0x00000002   PAD
    0x0800562c   0x00000020   Code   RO          581    i.SD_initialize     sd_diskio.o
    0x0800564c   0x00000050   Code   RO          582    i.SD_ioctl          sd_diskio.o
    0x0800569c   0x0000006c   Code   RO          583    i.SD_read           sd_diskio.o
    0x08005708   0x00000004   Code   RO          584    i.SD_status         sd_diskio.o
    0x0800570c   0x0000006c   Code   RO          585    i.SD_write          sd_diskio.o
    0x08005778   0x00000002   Code   RO          931    i.SVC_Handler       stm32f4xx_it.o
    0x0800577a   0x00000002   PAD
    0x0800577c   0x000000bc   Code   RO           30    i.SaveData          main.o
    0x08005838   0x00000094   Code   RO           31    i.SaveDataToFile    main.o
    0x080058cc   0x0000010c   Code   RO           32    i.SaveToCache       main.o
    0x080059d8   0x00000004   Code   RO          932    i.SysTick_Handler   stm32f4xx_it.o
    0x080059dc   0x000000a0   Code   RO           35    i.SystemClock_Config  main.o
    0x08005a7c   0x00000054   Code   RO         4711    i.SystemInit        system_stm32f4xx.o
    0x08005ad0   0x0000000c   Code   RO          933    i.TIM2_IRQHandler   stm32f4xx_it.o
    0x08005adc   0x0000000c   Code   RO          934    i.TIM3_IRQHandler   stm32f4xx_it.o
    0x08005ae8   0x000000c0   Code   RO         2472    i.TIM_Base_SetConfig  stm32f4xx_hal_tim.o
    0x08005ba8   0x00000014   Code   RO         2479    i.TIM_ETR_SetConfig  stm32f4xx_hal_tim.o
    0x08005bbc   0x00000010   Code   RO         2480    i.TIM_ITRx_SetConfig  stm32f4xx_hal_tim.o
    0x08005bcc   0x00000022   Code   RO         2486    i.TIM_TI1_ConfigInputStage  stm32f4xx_hal_tim.o
    0x08005bee   0x00000024   Code   RO         2488    i.TIM_TI2_ConfigInputStage  stm32f4xx_hal_tim.o
    0x08005c12   0x00000010   Code   RO         3296    i.UART_DMAAbortOnError  stm32f4xx_hal_uart.o
    0x08005c22   0x0000004a   Code   RO         3297    i.UART_DMAError     stm32f4xx_hal_uart.o
    0x08005c6c   0x0000003c   Code   RO         3298    i.UART_DMAMultiReceiveCplt  stm32f4xx_hal_uart.o
    0x08005ca8   0x0000003c   Code   RO         3299    i.UART_DMAReceiveCplt  stm32f4xx_hal_uart.o
    0x08005ce4   0x0000000a   Code   RO         3301    i.UART_DMARxHalfCplt  stm32f4xx_hal_uart.o
    0x08005cee   0x0000001c   Code   RO         3307    i.UART_EndRxTransfer  stm32f4xx_hal_uart.o
    0x08005d0a   0x00000012   Code   RO         3308    i.UART_EndTxTransfer  stm32f4xx_hal_uart.o
    0x08005d1c   0x0000008c   Code   RO         3309    i.UART_Receive_IT   stm32f4xx_hal_uart.o
    0x08005da8   0x000002ac   Code   RO         3310    i.UART_SetConfig    stm32f4xx_hal_uart.o
    0x08006054   0x00000062   Code   RO         3311    i.UART_Transmit_IT  stm32f4xx_hal_uart.o
    0x080060b6   0x00000064   Code   RO         3312    i.UART_WaitOnFlagUntilTimeout  stm32f4xx_hal_uart.o
    0x0800611a   0x00000002   PAD
    0x0800611c   0x0000000c   Code   RO          935    i.USART1_IRQHandler  stm32f4xx_it.o
    0x08006128   0x0000000c   Code   RO          936    i.USART2_IRQHandler  stm32f4xx_it.o
    0x08006134   0x00000002   Code   RO          937    i.UsageFault_Handler  stm32f4xx_it.o
    0x08006136   0x00000002   PAD
    0x08006138   0x00000020   Code   RO         5579    i.__0printf$7       mc_w.l(printf7.o)
    0x08006158   0x00000028   Code   RO         5581    i.__0sprintf$7      mc_w.l(printf7.o)
    0x08006180   0x0000000e   Code   RO         5699    i.__scatterload_copy  mc_w.l(handlers.o)
    0x0800618e   0x00000002   Code   RO         5700    i.__scatterload_null  mc_w.l(handlers.o)
    0x08006190   0x0000000e   Code   RO         5701    i.__scatterload_zeroinit  mc_w.l(handlers.o)
    0x0800619e   0x00000002   PAD
    0x080061a0   0x00000334   Code   RO         5586    i._printf_core      mc_w.l(printf7.o)
    0x080064d4   0x00000024   Code   RO         5587    i._printf_post_padding  mc_w.l(printf7.o)
    0x080064f8   0x0000002e   Code   RO         5588    i._printf_pre_padding  mc_w.l(printf7.o)
    0x08006526   0x0000000a   Code   RO         5590    i._sputc            mc_w.l(printf7.o)
    0x08006530   0x0000007c   Code   RO         4803    i.change_bitmap     ff.o
    0x080065ac   0x0000008c   Code   RO         4804    i.check_fs          ff.o
    0x08006638   0x00000010   Code   RO         4805    i.chk_chr           ff.o
    0x08006648   0x0000005c   Code   RO         4806    i.chk_lock          ff.o
    0x080066a4   0x00000020   Code   RO         4807    i.clear_lock        ff.o
    0x080066c4   0x00000032   Code   RO         4808    i.clmt_clust        ff.o
    0x080066f6   0x00000018   Code   RO         4809    i.clust2sect        ff.o
    0x0800670e   0x00000002   PAD
    0x08006710   0x00000080   Code   RO         4810    i.cmp_lfn           ff.o
    0x08006790   0x00000132   Code   RO         4811    i.create_chain      ff.o
    0x080068c2   0x00000002   PAD
    0x080068c4   0x00000244   Code   RO         4812    i.create_name       ff.o
    0x08006b08   0x0000007c   Code   RO         4813    i.create_xdir       ff.o
    0x08006b84   0x00000034   Code   RO         4814    i.dec_lock          ff.o
    0x08006bb8   0x00000058   Code   RO         4815    i.dir_alloc         ff.o
    0x08006c10   0x00000146   Code   RO         4816    i.dir_find          ff.o
    0x08006d56   0x00000108   Code   RO         4817    i.dir_next          ff.o
    0x08006e5e   0x000000d8   Code   RO         4818    i.dir_read          ff.o
    0x08006f36   0x00000002   PAD
    0x08006f38   0x00000244   Code   RO         4819    i.dir_register      ff.o
    0x0800717c   0x00000096   Code   RO         4821    i.dir_sdi           ff.o
    0x08007212   0x00000002   PAD
    0x08007214   0x00000028   Code   RO         4748    i.disk_initialize   diskio.o
    0x0800723c   0x0000001c   Code   RO         4749    i.disk_ioctl        diskio.o
    0x08007258   0x0000001c   Code   RO         4750    i.disk_read         diskio.o
    0x08007274   0x00000018   Code   RO         4751    i.disk_status       diskio.o
    0x0800728c   0x0000001c   Code   RO         4752    i.disk_write        diskio.o
    0x080072a8   0x00000028   Code   RO         4823    i.f_close           ff.o
    0x080072d0   0x00000022   Code   RO         4824    i.f_closedir        ff.o
    0x080072f2   0x00000116   Code   RO         4828    i.f_getfree         ff.o
    0x08007408   0x000001c2   Code   RO         4831    i.f_mkdir           ff.o
    0x080075ca   0x00000002   PAD
    0x080075cc   0x00000ac4   Code   RO         4832    i.f_mkfs            ff.o
    0x08008090   0x00000058   Code   RO         4833    i.f_mount           ff.o
    0x080080e8   0x00000338   Code   RO         4834    i.f_open            ff.o
    0x08008420   0x000000e0   Code   RO         4835    i.f_opendir         ff.o
    0x08008500   0x00000164   Code   RO         4843    i.f_sync            ff.o
    0x08008664   0x000001d8   Code   RO         4847    i.f_write           ff.o
    0x0800883c   0x0000004c   Code   RO         5358    i.ff_convert        cc936.o
    0x08008888   0x00000080   Code   RO         5359    i.ff_wtoupper       cc936.o
    0x08008908   0x0000002e   Code   RO         4848    i.fill_first_frag   ff.o
    0x08008936   0x00000032   Code   RO         4849    i.fill_last_frag    ff.o
    0x08008968   0x00000090   Code   RO         4850    i.find_bitmap       ff.o
    0x080089f8   0x0000035c   Code   RO         4851    i.find_volume       ff.o
    0x08008d54   0x000000b6   Code   RO         4852    i.follow_path       ff.o
    0x08008e0a   0x00000002   PAD
    0x08008e0c   0x00000018   Code   RO          866    i.fputc             usart.o
    0x08008e24   0x0000008c   Code   RO         4853    i.gen_numname       ff.o
    0x08008eb0   0x0000012e   Code   RO         4855    i.get_fat           ff.o
    0x08008fde   0x00000004   Code   RO          651    i.get_fattime       fatfs.o
    0x08008fe2   0x0000003c   Code   RO         4857    i.get_ldnumber      ff.o
    0x0800901e   0x00000002   PAD
    0x08009020   0x00000080   Code   RO         4859    i.inc_lock          ff.o
    0x080090a0   0x00000026   Code   RO         4860    i.ld_clust          ff.o
    0x080090c6   0x00000016   Code   RO         4861    i.ld_dword          ff.o
    0x080090dc   0x00000056   Code   RO         4862    i.ld_qword          ff.o
    0x08009132   0x0000000a   Code   RO         4863    i.ld_word           ff.o
    0x0800913c   0x00000038   Code   RO         4864    i.load_obj_dir      ff.o
    0x08009174   0x000000c8   Code   RO         4865    i.load_xdir         ff.o
    0x0800923c   0x0000031c   Code   RO           38    i.main              main.o
    0x08009558   0x0000001a   Code   RO         4866    i.mem_cmp           ff.o
    0x08009572   0x00000012   Code   RO         4867    i.mem_cpy           ff.o
    0x08009584   0x0000000e   Code   RO         4868    i.mem_set           ff.o
    0x08009592   0x00000032   Code   RO         4869    i.move_window       ff.o
    0x080095c4   0x00000074   Code   RO         4871    i.pick_lfn          ff.o
    0x08009638   0x000001d8   Code   RO           39    i.printf_fatfs_error  main.o
    0x08009810   0x000000f6   Code   RO         4872    i.put_fat           ff.o
    0x08009906   0x000000e4   Code   RO         4875    i.remove_chain      ff.o
    0x080099ea   0x00000028   Code   RO         4876    i.st_clust          ff.o
    0x08009a12   0x00000010   Code   RO         4877    i.st_dword          ff.o
    0x08009a22   0x0000004a   Code   RO         4878    i.st_qword          ff.o
    0x08009a6c   0x00000008   Code   RO         4879    i.st_word           ff.o
    0x08009a74   0x0000006a   Code   RO         4880    i.store_xdir        ff.o
    0x08009ade   0x0000001a   Code   RO         4881    i.sum_sfn           ff.o
    0x08009af8   0x00000088   Code   RO         4882    i.sync_fs           ff.o
    0x08009b80   0x00000052   Code   RO         4883    i.sync_window       ff.o
    0x08009bd2   0x00000032   Code   RO         4884    i.validate          ff.o
    0x08009c04   0x00000034   Code   RO         4885    i.xdir_sum          ff.o
    0x08009c38   0x0000003c   Code   RO         4886    i.xname_sum         ff.o
    0x08009c74   0x00000010   Code   RO         4887    i.xsum32            ff.o
    0x08009c84   0x00000006   Data   RO          383    .constdata          gpio.o
    0x08009c8a   0x00000002   PAD
    0x08009c8c   0x00000014   Data   RO          586    .constdata          sd_diskio.o
    0x08009ca0   0x00000008   Data   RO         4115    .constdata          stm32f4xx_hal_dma.o
    0x08009ca8   0x00000010   Data   RO         4712    .constdata          system_stm32f4xx.o
    0x08009cb8   0x00000008   Data   RO         4713    .constdata          system_stm32f4xx.o
    0x08009cc0   0x0000002a   Data   RO         4889    .constdata          ff.o
    0x08009cea   0x0002abb6   Data   RO         5360    .constdata          cc936.o
    0x080348a0   0x00000020   Data   RO         5697    Region$$Table       anon$$obj.o


    Execution Region RW_IRAM1 (Base: 0x20000000, Size: 0x0004f0c0, Max: 0x00050000, ABSOLUTE)

    Base Addr    Size         Type   Attr      Idx    E Section Name        Object

    0x20000000   0x0000006c   Data   RW           43    .data               main.o
    0x2000006c   0x0000000c   Data   RW          384    .data               gpio.o
    0x20000078   0x0000000c   Data   RW          587    .data               sd_diskio.o
    0x20000084   0x00000005   Data   RW          654    .data               fatfs.o
    0x20000089   0x00000003   PAD
    0x2000008c   0x0000000c   Data   RW         4564    .data               stm32f4xx_hal.o
    0x20000098   0x00000004   Data   RW         4714    .data               system_stm32f4xx.o
    0x2000009c   0x00000008   Data   RW         4890    .data               ff.o
    0x200000a4   0x00000004   Data   RW         5673    .data               mc_w.l(stdout.o)
    0x200000a8   0x0004dbbc   Zero   RW           41    .bss                main.o
    0x2004dc64   0x00000054   Zero   RW          691    .bss                i2c.o
    0x2004dcb8   0x00000020   Zero   RW          733    .bss                rtc.o
    0x2004dcd8   0x00000144   Zero   RW          775    .bss                sdio.o
    0x2004de1c   0x00000078   Zero   RW          818    .bss                tim.o
    0x2004de94   0x00000200   Zero   RW          867    .bss                usart.o
    0x2004e094   0x00000020   Zero   RW         4888    .bss                ff.o
    0x2004e0b4   0x0000000c   Zero   RW         5288    .bss                ff_gen_drv.o
    0x2004e0c0   0x00001000   Zero   RW            1    STACK               startup_stm32f413xx.o


==============================================================================

Image component sizes


      Code (inc. data)   RO Data    RW Data    ZI Data      Debug   Object Name

       170         20          0          0          0       5540   bsp_driver_sd.o
       204         26     175030          0          0       2523   cc936.o
       148         22          0          0          0       3777   diskio.o
       140          4          0          0          0        846   dma.o
        32         10          0          5          0       1500   fatfs.o
     12502        208         42          8         32      63989   ff.o
        70          6          0          0         12       1655   ff_gen_drv.o
       264         24          6         12          0       1282   gpio.o
       172         28          0          0         84       1677   i2c.o
      5506       2316          0        108     318396     740061   main.o
        76         16          0          0         32       1471   rtc.o
       388         34         20         12          0       5629   sd_diskio.o
       352         32          0          0        324       1855   sdio.o
        36          8        472          0       4096        840   startup_stm32f413xx.o
       180         28          0         12          0       4633   stm32f4xx_hal.o
       230         24          0          0          0      31078   stm32f4xx_hal_cortex.o
       948         16          8          0          0       6530   stm32f4xx_hal_dma.o
      2462         18          0          0          0       2700   stm32f4xx_hal_dma_ex.o
       462         48          0          0          0       3692   stm32f4xx_hal_gpio.o
      2014         36          0          0          0      13038   stm32f4xx_hal_i2c.o
        48          6          0          0          0        846   stm32f4xx_hal_msp.o
       468         54          0          0          0       3732   stm32f4xx_hal_rcc.o
      1628         58          0          0          0       3440   stm32f4xx_hal_rcc_ex.o
       764         16          0          0          0       6008   stm32f4xx_hal_rtc.o
      2974         38          0          0          0      18131   stm32f4xx_hal_sd.o
       984         44          0          0          0       9971   stm32f4xx_hal_tim.o
        84          0          0          0          0       2454   stm32f4xx_hal_tim_ex.o
      2162         46          0          0          0      14611   stm32f4xx_hal_uart.o
       180         66          0          0          0      10328   stm32f4xx_it.o
      1630         42          0          0          0      22955   stm32f4xx_ll_sdmmc.o
         0          0          0          0          0        548   syscall.o
        84         18         24          4          0       1183   system_stm32f4xx.o
       300         26          0          0        120       2403   tim.o
       580         64          0          0        512       3347   usart.o

    ----------------------------------------------------------------------
     38292       3402     175636        164     323608     994273   Object Totals
         0          0         32          0          0          0   (incl. Generated)
        50          0          2          3          0          0   (incl. Padding)

    ----------------------------------------------------------------------

      Code (inc. data)   RO Data    RW Data    ZI Data      Debug   Library Member Name

         0          0          0          0          0          0   entry.o
         0          0          0          0          0          0   entry10a.o
         0          0          0          0          0          0   entry11a.o
         8          4          0          0          0          0   entry2.o
         4          0          0          0          0          0   entry5.o
         0          0          0          0          0          0   entry7b.o
         0          0          0          0          0          0   entry8b.o
         8          4          0          0          0          0   entry9a.o
        30          0          0          0          0          0   handlers.o
        36          8          0          0          0         68   init.o
        30          0          0          0          0         68   llshl.o
        32          0          0          0          0         68   llushr.o
        36          0          0          0          0         68   memcpya.o
        36          0          0          0          0        108   memseta.o
       984         22          0          0          0        504   printf7.o
         0          0          0          4          0          0   stdout.o
        98          0          0          0          0         92   uldiv.o

    ----------------------------------------------------------------------
      1304         38          0          4          0        976   Library Totals
         2          0          0          0          0          0   (incl. Padding)

    ----------------------------------------------------------------------

      Code (inc. data)   RO Data    RW Data    ZI Data      Debug   Library Name

      1302         38          0          4          0        976   mc_w.l

    ----------------------------------------------------------------------
      1304         38          0          4          0        976   Library Totals

    ----------------------------------------------------------------------

==============================================================================


      Code (inc. data)   RO Data    RW Data    ZI Data      Debug   

     39596       3440     175636        168     323608     967485   Grand Totals
     39596       3440     175636        168     323608     967485   ELF Image Totals
     39596       3440     175636        168          0          0   ROM Totals

==============================================================================

    Total RO  Size (Code + RO Data)               215232 ( 210.19kB)
    Total RW  Size (RW Data + ZI Data)            323776 ( 316.19kB)
    Total ROM Size (Code + RO Data + RW Data)     215400 ( 210.35kB)

==============================================================================

